../libraries/ioLibrary_Driver/Internet/DHCP/dhcp.c:257:6:default_ip_assign	8	static
../libraries/ioLibrary_Driver/Internet/DHCP/dhcp.c:265:6:default_ip_update	8	static
../libraries/ioLibrary_Driver/Internet/DHCP/dhcp.c:294:6:default_ip_conflict	8	static
../libraries/ioLibrary_Driver/Internet/DHCP/dhcp.c:323:6:reg_dhcp_cbfunc	24	static
../libraries/ioLibrary_Driver/Internet/DHCP/dhcp.c:334:6:makeDHCPMSG	24	static
../libraries/ioLibrary_Driver/Internet/DHCP/dhcp.c:393:6:send_DHCP_DISCOVER	32	static
../libraries/ioLibrary_Driver/Internet/DHCP/dhcp.c:475:6:send_DHCP_REQUEST	40	static
../libraries/ioLibrary_Driver/Internet/DHCP/dhcp.c:583:6:send_DHCP_DECLINE	32	static
../libraries/ioLibrary_Driver/Internet/DHCP/dhcp.c:652:8:parseDHCPMSG	48	static
../libraries/ioLibrary_Driver/Internet/DHCP/dhcp.c:785:9:DHCP_run	16	static
../libraries/ioLibrary_Driver/Internet/DHCP/dhcp.c:915:9:DHCP_stop	8	static
../libraries/ioLibrary_Driver/Internet/DHCP/dhcp.c:921:9:check_DHCP_timeout	16	static
../libraries/ioLibrary_Driver/Internet/DHCP/dhcp.c:974:8:check_DHCP_leasedIP	24	static
../libraries/ioLibrary_Driver/Internet/DHCP/dhcp.c:1018:6:DHCP_init	24	static
../libraries/ioLibrary_Driver/Internet/DHCP/dhcp.c:1059:6:reset_DHCP_timeout	4	static
../libraries/ioLibrary_Driver/Internet/DHCP/dhcp.c:1066:6:DHCP_time_handler	4	static
../libraries/ioLibrary_Driver/Internet/DHCP/dhcp.c:1071:6:getIPfromDHCP	16	static
../libraries/ioLibrary_Driver/Internet/DHCP/dhcp.c:1079:6:getGWfromDHCP	16	static
../libraries/ioLibrary_Driver/Internet/DHCP/dhcp.c:1087:6:getSNfromDHCP	16	static
../libraries/ioLibrary_Driver/Internet/DHCP/dhcp.c:1095:6:getDNSfromDHCP	16	static
../libraries/ioLibrary_Driver/Internet/DHCP/dhcp.c:1103:10:getDHCPLeasetime	4	static
../libraries/ioLibrary_Driver/Internet/DHCP/dhcp.c:1108:6:NibbleToHex	16	static
