Archive member included to satisfy reference by file (symbol)

C:/ST/STM32CubeIDE_1.14.0/STM32CubeIDE/plugins/com.st.stm32cube.ide.mcu.externaltools.gnu-tools-for-stm32.11.3.rel1.win32_1.1.100.202309141235/tools/bin/../lib/gcc/arm-none-eabi/11.3.1/../../../../arm-none-eabi/lib/thumb/v7e-m+fp/hard\libc_nano.a(libc_a-exit.o)
                              C:/ST/STM32CubeIDE_1.14.0/STM32CubeIDE/plugins/com.st.stm32cube.ide.mcu.externaltools.gnu-tools-for-stm32.11.3.rel1.win32_1.1.100.202309141235/tools/bin/../lib/gcc/arm-none-eabi/11.3.1/../../../../arm-none-eabi/lib/thumb/v7e-m+fp/hard/crt0.o (exit)
C:/ST/STM32CubeIDE_1.14.0/STM32CubeIDE/plugins/com.st.stm32cube.ide.mcu.externaltools.gnu-tools-for-stm32.11.3.rel1.win32_1.1.100.202309141235/tools/bin/../lib/gcc/arm-none-eabi/11.3.1/../../../../arm-none-eabi/lib/thumb/v7e-m+fp/hard\libc_nano.a(libc_a-findfp.o)
                              C:/ST/STM32CubeIDE_1.14.0/STM32CubeIDE/plugins/com.st.stm32cube.ide.mcu.externaltools.gnu-tools-for-stm32.11.3.rel1.win32_1.1.100.202309141235/tools/bin/../lib/gcc/arm-none-eabi/11.3.1/../../../../arm-none-eabi/lib/thumb/v7e-m+fp/hard\libc_nano.a(libc_a-exit.o) (__stdio_exit_handler)
C:/ST/STM32CubeIDE_1.14.0/STM32CubeIDE/plugins/com.st.stm32cube.ide.mcu.externaltools.gnu-tools-for-stm32.11.3.rel1.win32_1.1.100.202309141235/tools/bin/../lib/gcc/arm-none-eabi/11.3.1/../../../../arm-none-eabi/lib/thumb/v7e-m+fp/hard\libc_nano.a(libc_a-fwalk.o)
                              C:/ST/STM32CubeIDE_1.14.0/STM32CubeIDE/plugins/com.st.stm32cube.ide.mcu.externaltools.gnu-tools-for-stm32.11.3.rel1.win32_1.1.100.202309141235/tools/bin/../lib/gcc/arm-none-eabi/11.3.1/../../../../arm-none-eabi/lib/thumb/v7e-m+fp/hard\libc_nano.a(libc_a-findfp.o) (_fwalk_sglue)
C:/ST/STM32CubeIDE_1.14.0/STM32CubeIDE/plugins/com.st.stm32cube.ide.mcu.externaltools.gnu-tools-for-stm32.11.3.rel1.win32_1.1.100.202309141235/tools/bin/../lib/gcc/arm-none-eabi/11.3.1/../../../../arm-none-eabi/lib/thumb/v7e-m+fp/hard\libc_nano.a(libc_a-printf.o)
                              ./Core/Src/main.o (printf)
C:/ST/STM32CubeIDE_1.14.0/STM32CubeIDE/plugins/com.st.stm32cube.ide.mcu.externaltools.gnu-tools-for-stm32.11.3.rel1.win32_1.1.100.202309141235/tools/bin/../lib/gcc/arm-none-eabi/11.3.1/../../../../arm-none-eabi/lib/thumb/v7e-m+fp/hard\libc_nano.a(libc_a-puts.o)
                              ./Core/Src/main.o (puts)
C:/ST/STM32CubeIDE_1.14.0/STM32CubeIDE/plugins/com.st.stm32cube.ide.mcu.externaltools.gnu-tools-for-stm32.11.3.rel1.win32_1.1.100.202309141235/tools/bin/../lib/gcc/arm-none-eabi/11.3.1/../../../../arm-none-eabi/lib/thumb/v7e-m+fp/hard\libc_nano.a(libc_a-stdio.o)
                              C:/ST/STM32CubeIDE_1.14.0/STM32CubeIDE/plugins/com.st.stm32cube.ide.mcu.externaltools.gnu-tools-for-stm32.11.3.rel1.win32_1.1.100.202309141235/tools/bin/../lib/gcc/arm-none-eabi/11.3.1/../../../../arm-none-eabi/lib/thumb/v7e-m+fp/hard\libc_nano.a(libc_a-findfp.o) (__sread)
C:/ST/STM32CubeIDE_1.14.0/STM32CubeIDE/plugins/com.st.stm32cube.ide.mcu.externaltools.gnu-tools-for-stm32.11.3.rel1.win32_1.1.100.202309141235/tools/bin/../lib/gcc/arm-none-eabi/11.3.1/../../../../arm-none-eabi/lib/thumb/v7e-m+fp/hard\libc_nano.a(libc_a-wbuf.o)
                              C:/ST/STM32CubeIDE_1.14.0/STM32CubeIDE/plugins/com.st.stm32cube.ide.mcu.externaltools.gnu-tools-for-stm32.11.3.rel1.win32_1.1.100.202309141235/tools/bin/../lib/gcc/arm-none-eabi/11.3.1/../../../../arm-none-eabi/lib/thumb/v7e-m+fp/hard\libc_nano.a(libc_a-puts.o) (__swbuf_r)
C:/ST/STM32CubeIDE_1.14.0/STM32CubeIDE/plugins/com.st.stm32cube.ide.mcu.externaltools.gnu-tools-for-stm32.11.3.rel1.win32_1.1.100.202309141235/tools/bin/../lib/gcc/arm-none-eabi/11.3.1/../../../../arm-none-eabi/lib/thumb/v7e-m+fp/hard\libc_nano.a(libc_a-wsetup.o)
                              C:/ST/STM32CubeIDE_1.14.0/STM32CubeIDE/plugins/com.st.stm32cube.ide.mcu.externaltools.gnu-tools-for-stm32.11.3.rel1.win32_1.1.100.202309141235/tools/bin/../lib/gcc/arm-none-eabi/11.3.1/../../../../arm-none-eabi/lib/thumb/v7e-m+fp/hard\libc_nano.a(libc_a-puts.o) (__swsetup_r)
C:/ST/STM32CubeIDE_1.14.0/STM32CubeIDE/plugins/com.st.stm32cube.ide.mcu.externaltools.gnu-tools-for-stm32.11.3.rel1.win32_1.1.100.202309141235/tools/bin/../lib/gcc/arm-none-eabi/11.3.1/../../../../arm-none-eabi/lib/thumb/v7e-m+fp/hard\libc_nano.a(libc_a-memset.o)
                              C:/ST/STM32CubeIDE_1.14.0/STM32CubeIDE/plugins/com.st.stm32cube.ide.mcu.externaltools.gnu-tools-for-stm32.11.3.rel1.win32_1.1.100.202309141235/tools/bin/../lib/gcc/arm-none-eabi/11.3.1/../../../../arm-none-eabi/lib/thumb/v7e-m+fp/hard/crt0.o (memset)
C:/ST/STM32CubeIDE_1.14.0/STM32CubeIDE/plugins/com.st.stm32cube.ide.mcu.externaltools.gnu-tools-for-stm32.11.3.rel1.win32_1.1.100.202309141235/tools/bin/../lib/gcc/arm-none-eabi/11.3.1/../../../../arm-none-eabi/lib/thumb/v7e-m+fp/hard\libc_nano.a(libc_a-closer.o)
[...]
Memory Configuration

Name             Origin             Length             Attributes
RAM              0x0000000020000000 0x0000000000040000 xrw
FLASH            0x0000000008000000 0x0000000000100000 xr
*default*        0x0000000000000000 0xffffffffffffffff

Linker script and memory map

LOAD C:/ST/STM32CubeIDE_1.14.0/STM32CubeIDE/plugins/com.st.stm32cube.ide.mcu.externaltools.gnu-tools-for-stm32.11.3.rel1.win32_1.1.100.202309141235/tools/bin/../lib/gcc/arm-none-eabi/11.3.1/thumb/v7e-m+fp/hard/crti.o
LOAD C:/ST/STM32CubeIDE_1.14.0/STM32CubeIDE/plugins/com.st.stm32cube.ide.mcu.externaltools.gnu-tools-for-stm32.11.3.rel1.win32_1.1.100.202309141235/tools/bin/../lib/gcc/arm-none-eabi/11.3.1/thumb/v7e-m+fp/hard/crtbegin.o
LOAD C:/ST/STM32CubeIDE_1.14.0/STM32CubeIDE/plugins/com.st.stm32cube.ide.mcu.externaltools.gnu-tools-for-stm32.11.3.rel1.win32_1.1.100.202309141235/tools/bin/../lib/gcc/arm-none-eabi/11.3.1/../../../../arm-none-eabi/lib/thumb/v7e-m+fp/hard/crt0.o
LOAD ./Core/Src/main.o
LOAD ./Core/Src/stm32f4xx_hal_msp.o
LOAD ./Core/Src/stm32f4xx_it.o
LOAD ./Core/Src/syscalls.o
LOAD ./Core/Src/sysmem.o
LOAD ./Core/Src/system_stm32f4xx.o
LOAD ./Core/Startup/startup_stm32f412zgtx.o
LOAD ./Drivers/STM32F4xx_HAL_Driver/Src/stm32f4xx_hal.o
LOAD ./Drivers/STM32F4xx_HAL_Driver/Src/stm32f4xx_hal_cortex.o
LOAD ./Drivers/STM32F4xx_HAL_Driver/Src/stm32f4xx_hal_dma.o
LOAD ./Drivers/STM32F4xx_HAL_Driver/Src/stm32f4xx_hal_dma_ex.o
LOAD ./Drivers/STM32F4xx_HAL_Driver/Src/stm32f4xx_hal_exti.o
LOAD ./Drivers/STM32F4xx_HAL_Driver/Src/stm32f4xx_hal_flash.o
LOAD ./Drivers/STM32F4xx_HAL_Driver/Src/stm32f4xx_hal_flash_ex.o
LOAD ./Drivers/STM32F4xx_HAL_Driver/Src/stm32f4xx_hal_flash_ramfunc.o
LOAD ./Drivers/STM32F4xx_HAL_Driver/Src/stm32f4xx_hal_gpio.o
LOAD ./Drivers/STM32F4xx_HAL_Driver/Src/stm32f4xx_hal_pcd.o
LOAD ./Drivers/STM32F4xx_HAL_Driver/Src/stm32f4xx_hal_pcd_ex.o
LOAD ./Drivers/STM32F4xx_HAL_Driver/Src/stm32f4xx_hal_pwr.o
LOAD ./Drivers/STM32F4xx_HAL_Driver/Src/stm32f4xx_hal_pwr_ex.o
LOAD ./Drivers/STM32F4xx_HAL_Driver/Src/stm32f4xx_hal_qspi.o
LOAD ./Drivers/STM32F4xx_HAL_Driver/Src/stm32f4xx_hal_rcc.o
LOAD ./Drivers/STM32F4xx_HAL_Driver/Src/stm32f4xx_hal_rcc_ex.o
LOAD ./Drivers/STM32F4xx_HAL_Driver/Src/stm32f4xx_hal_tim.o
LOAD ./Drivers/STM32F4xx_HAL_Driver/Src/stm32f4xx_hal_tim_ex.o
LOAD ./Drivers/STM32F4xx_HAL_Driver/Src/stm32f4xx_hal_uart.o
LOAD ./Drivers/STM32F4xx_HAL_Driver/Src/stm32f4xx_ll_usb.o
LOAD ./libraries/ioLibrary_Driver/Application/loopback/loopback.o
LOAD ./libraries/ioLibrary_Driver/Ethernet/W5100/w5100.o
LOAD ./libraries/ioLibrary_Driver/Ethernet/W5100S/w5100s.o
LOAD ./libraries/ioLibrary_Driver/Ethernet/W5200/w5200.o
LOAD ./libraries/ioLibrary_Driver/Ethernet/W5300/w5300.o
LOAD ./libraries/ioLibrary_Driver/Ethernet/W5500/w5500.o
LOAD ./libraries/ioLibrary_Driver/Ethernet/W6100/w6100.o
LOAD ./libraries/ioLibrary_Driver/Ethernet/W6300/w6300.o
LOAD ./libraries/ioLibrary_Driver/Ethernet/socket.o
LOAD ./libraries/ioLibrary_Driver/Ethernet/wizchip_conf.o
LOAD ./libraries/ioLibrary_Driver/Internet/DHCP/dhcp.o
START GROUP
LOAD C:/ST/STM32CubeIDE_1.14.0/STM32CubeIDE/plugins/com.st.stm32cube.ide.mcu.externaltools.gnu-tools-for-stm32.11.3.rel1.win32_1.1.100.202309141235/tools/bin/../lib/gcc/arm-none-eabi/11.3.1/../../../../arm-none-eabi/lib/thumb/v7e-m+fp/hard\libc_nano.a
LOAD C:/ST/STM32CubeIDE_1.14.0/STM32CubeIDE/plugins/com.st.stm32cube.ide.mcu.externaltools.gnu-tools-for-stm32.11.3.rel1.win32_1.1.100.202309141235/tools/bin/../lib/gcc/arm-none-eabi/11.3.1/../../../../arm-none-eabi/lib/thumb/v7e-m+fp/hard\libm.a
END GROUP
START GROUP
LOAD C:/ST/STM32CubeIDE_1.14.0/STM32CubeIDE/plugins/com.st.stm32cube.ide.mcu.externaltools.gnu-tools-for-stm32.11.3.rel1.win32_1.1.100.202309141235/tools/bin/../lib/gcc/arm-none-eabi/11.3.1/thumb/v7e-m+fp/hard\libgcc.a
LOAD C:/ST/STM32CubeIDE_1.14.0/STM32CubeIDE/plugins/com.st.stm32cube.ide.mcu.externaltools.gnu-tools-for-stm32.11.3.rel1.win32_1.1.100.202309141235/tools/bin/../lib/gcc/arm-none-eabi/11.3.1/../../../../arm-none-eabi/lib/thumb/v7e-m+fp/hard\libc_nano.a
END GROUP
START GROUP
LOAD C:/ST/STM32CubeIDE_1.14.0/STM32CubeIDE/plugins/com.st.stm32cube.ide.mcu.externaltools.gnu-tools-for-stm32.11.3.rel1.win32_1.1.100.202309141235/tools/bin/../lib/gcc/arm-none-eabi/11.3.1/thumb/v7e-m+fp/hard\libgcc.a
LOAD C:/ST/STM32CubeIDE_1.14.0/STM32CubeIDE/plugins/com.st.stm32cube.ide.mcu.externaltools.gnu-tools-for-stm32.11.3.rel1.win32_1.1.100.202309141235/tools/bin/../lib/gcc/arm-none-eabi/11.3.1/../../../../arm-none-eabi/lib/thumb/v7e-m+fp/hard\libc_nano.a
LOAD C:/ST/STM32CubeIDE_1.14.0/STM32CubeIDE/plugins/com.st.stm32cube.ide.mcu.externaltools.gnu-tools-for-stm32.11.3.rel1.win32_1.1.100.202309141235/tools/bin/../lib/gcc/arm-none-eabi/11.3.1/../../../../arm-none-eabi/lib/thumb/v7e-m+fp/hard\libnosys.a
END GROUP
START GROUP
LOAD C:/ST/STM32CubeIDE_1.14.0/STM32CubeIDE/plugins/com.st.stm32cube.ide.mcu.externaltools.gnu-tools-for-stm32.11.3.rel1.win32_1.1.100.202309141235/tools/bin/../lib/gcc/arm-none-eabi/11.3.1/thumb/v7e-m+fp/hard\libgcc.a
LOAD C:/ST/STM32CubeIDE_1.14.0/STM32CubeIDE/plugins/com.st.stm32cube.ide.mcu.externaltools.gnu-tools-for-stm32.11.3.rel1.win32_1.1.100.202309141235/tools/bin/../lib/gcc/arm-none-eabi/11.3.1/../../../../arm-none-eabi/lib/thumb/v7e-m+fp/hard\libc_nano.a
LOAD C:/ST/STM32CubeIDE_1.14.0/STM32CubeIDE/plugins/com.st.stm32cube.ide.mcu.externaltools.gnu-tools-for-stm32.11.3.rel1.win32_1.1.100.202309141235/tools/bin/../lib/gcc/arm-none-eabi/11.3.1/../../../../arm-none-eabi/lib/thumb/v7e-m+fp/hard\libnosys.a
END GROUP
LOAD C:/ST/STM32CubeIDE_1.14.0/STM32CubeIDE/plugins/com.st.stm32cube.ide.mcu.externaltools.gnu-tools-for-stm32.11.3.rel1.win32_1.1.100.202309141235/tools/bin/../lib/gcc/arm-none-eabi/11.3.1/thumb/v7e-m+fp/hard/crtend.o
LOAD C:/ST/STM32CubeIDE_1.14.0/STM32CubeIDE/plugins/com.st.stm32cube.ide.mcu.externaltools.gnu-tools-for-stm32.11.3.rel1.win32_1.1.100.202309141235/tools/bin/../lib/gcc/arm-none-eabi/11.3.1/thumb/v7e-m+fp/hard/crtn.o
                0x0000000020040000                _estack = (ORIGIN (RAM) + LENGTH (RAM))
                0x0000000000000200                _Min_Heap_Size = 0x200
                0x0000000000000400                _Min_Stack_Size = 0x400

.isr_vector     0x0000000008000000      0x1c4
                0x0000000008000000                . = ALIGN (0x4)
 *(.isr_vector)
 .isr_vector    0x0000000008000000      0x1c4 ./Core/Startup/startup_stm32f412zgtx.o
                0x0000000008000000                g_pfnVectors
                0x00000000080001c4                . = ALIGN (0x4)

.text           0x00000000080001d0     0x7128
                0x00000000080001d0                . = ALIGN (0x4)
 *(.text)
 .text          0x00000000080001d0       0x40 C:/ST/STM32CubeIDE_1.14.0/STM32CubeIDE/plugins/com.st.stm32cube.ide.mcu.externaltools.gnu-tools-for-stm32.11.3.rel1.win32_1.1.100.202309141235/tools/bin/../lib/gcc/arm-none-eabi/11.3.1/thumb/v7e-m+fp/hard/crtbegin.o
 .text          0x0000000008000210       0xa0 C:/ST/STM32CubeIDE_1.14.0/STM32CubeIDE/plugins/com.st.stm32cube.ide.mcu.externaltools.gnu-tools-for-stm32.11.3.rel1.win32_1.1.100.202309141235/tools/bin/../lib/gcc/arm-none-eabi/11.3.1/../../../../arm-none-eabi/lib/thumb/v7e-m+fp/hard\libc_nano.a(libc_a-memchr.o)
                0x0000000008000210                memchr
 .text          0x00000000080002b0       0x30 C:/ST/STM32CubeIDE_1.14.0/STM32CubeIDE/plugins/com.st.stm32cube.ide.mcu.externaltools.gnu-tools-for-stm32.11.3.rel1.win32_1.1.100.202309141235/tools/bin/../lib/gcc/arm-none-eabi/11.3.1/thumb/v7e-m+fp/hard\libgcc.a(_aeabi_uldivmod.o)
                0x00000000080002b0                __aeabi_uldivmod
 .text          0x00000000080002e0      0x2c8 C:/ST/STM32CubeIDE_1.14.0/STM32CubeIDE/plugins/com.st.stm32cube.ide.mcu.externaltools.gnu-tools-for-stm32.11.3.rel1.win32_1.1.100.202309141235/tools/bin/../lib/gcc/arm-none-eabi/11.3.1/thumb/v7e-m+fp/hard\libgcc.a(_udivmoddi4.o)
                0x00000000080002e0                __udivmoddi4
 .text          0x00000000080005a8        0x4 C:/ST/STM32CubeIDE_1.14.0/STM32CubeIDE/plugins/com.st.stm32cube.ide.mcu.externaltools.gnu-tools-for-stm32.11.3.rel1.win32_1.1.100.202309141235/tools/bin/../lib/gcc/arm-none-eabi/11.3.1/thumb/v7e-m+fp/hard\libgcc.a(_dvmd_tls.o)
                0x00000000080005a8                __aeabi_idiv0
                0x00000000080005a8                __aeabi_ldiv0
 *(.text*)
 .text.__io_putchar
                0x00000000080005ac       0x24 ./Core/Src/main.o
                0x00000000080005ac                __io_putchar
 .text.main     0x00000000080005d0       0x6c ./Core/Src/main.o
                0x00000000080005d0                main
 .text.SystemClock_Config
                0x000000000800063c       0xd8 ./Core/Src/main.o
                0x000000000800063c                SystemClock_Config
 .text.MX_QUADSPI_Init
                0x0000000008000714       0x58 ./Core/Src/main.o
 .text.MX_USART3_UART_Init
                0x000000000800076c       0x54 ./Core/Src/main.o
 .text.MX_USB_OTG_FS_PCD_Init
                0x00000000080007c0       0x60 ./Core/Src/main.o
 .text.MX_GPIO_Init
                0x0000000008000820      0x184 ./Core/Src/main.o
 .text.W6300_QspiWriteByte
                0x00000000080009a4       0xa4 ./Core/Src/main.o
                0x00000000080009a4                W6300_QspiWriteByte
 .text.W6300_QspiReadByte
                0x0000000008000a48       0x9c ./Core/Src/main.o
                0x0000000008000a48                W6300_QspiReadByte
 .text.wizchip_select
                0x0000000008000ae4        0xe ./Core/Src/main.o
 .text.wizchip_deselect
                0x0000000008000af2        0xe ./Core/Src/main.o
 .text.wizchip_reset
                0x0000000008000b00       0x2c ./Core/Src/main.o
                0x0000000008000b00                wizchip_reset
 .text.network_initialize
                0x0000000008000b2c       0x24 ./Core/Src/main.o
                0x0000000008000b2c                network_initialize
 .text.wizchip_initialize
                0x0000000008000b50       0x98 ./Core/Src/main.o
                0x0000000008000b50                wizchip_initialize
 .text.print_network_information
                0x0000000008000be8      0x160 ./Core/Src/main.o
                0x0000000008000be8                print_network_information
 .text.print_ipv6_addr
                0x0000000008000d48       0xd0 ./Core/Src/main.o
                0x0000000008000d48                print_ipv6_addr
 .text.Error_Handler
                0x0000000008000e18        0xa ./Core/Src/main.o
                0x0000000008000e18                Error_Handler
 *fill*         0x0000000008000e22        0x2 
 .text.HAL_MspInit
                0x0000000008000e24       0x50 ./Core/Src/stm32f4xx_hal_msp.o
                0x0000000008000e24                HAL_MspInit
 .text.HAL_QSPI_MspInit
                0x0000000008000e74      0x130 ./Core/Src/stm32f4xx_hal_msp.o
                0x0000000008000e74                HAL_QSPI_MspInit
 .text.HAL_UART_MspInit
                0x0000000008000fa4       0x90 ./Core/Src/stm32f4xx_hal_msp.o
                0x0000000008000fa4                HAL_UART_MspInit
 .text.HAL_PCD_MspInit
                0x0000000008001034       0xdc ./Core/Src/stm32f4xx_hal_msp.o
                0x0000000008001034                HAL_PCD_MspInit
 .text.NMI_Handler
                0x0000000008001110        0x6 ./Core/Src/stm32f4xx_it.o
                0x0000000008001110                NMI_Handler
 .text.HardFault_Handler
                0x0000000008001116        0x6 ./Core/Src/stm32f4xx_it.o
                0x0000000008001116                HardFault_Handler
 .text.MemManage_Handler
                0x000000000800111c        0x6 ./Core/Src/stm32f4xx_it.o
                0x000000000800111c                MemManage_Handler
 .text.BusFault_Handler
                0x0000000008001122        0x6 ./Core/Src/stm32f4xx_it.o
                0x0000000008001122                BusFault_Handler
 .text.UsageFault_Handler
                0x0000000008001128        0x6 ./Core/Src/stm32f4xx_it.o
                0x0000000008001128                UsageFault_Handler
 .text.SVC_Handler
                0x000000000800112e        0xe ./Core/Src/stm32f4xx_it.o
                0x000000000800112e                SVC_Handler
 .text.DebugMon_Handler
                0x000000000800113c        0xe ./Core/Src/stm32f4xx_it.o
                0x000000000800113c                DebugMon_Handler
 .text.PendSV_Handler
                0x000000000800114a        0xe ./Core/Src/stm32f4xx_it.o
                0x000000000800114a                PendSV_Handler
 .text.SysTick_Handler
                0x0000000008001158        0xc ./Core/Src/stm32f4xx_it.o
                0x0000000008001158                SysTick_Handler
 .text._read    0x0000000008001164       0x3a ./Core/Src/syscalls.o
                0x0000000008001164                _read
 .text._write   0x000000000800119e       0x38 ./Core/Src/syscalls.o
                0x000000000800119e                _write
 .text._close   0x00000000080011d6       0x18 ./Core/Src/syscalls.o
                0x00000000080011d6                _close
 .text._fstat   0x00000000080011ee       0x20 ./Core/Src/syscalls.o
                0x00000000080011ee                _fstat
 .text._isatty  0x000000000800120e       0x16 ./Core/Src/syscalls.o
                0x000000000800120e                _isatty
 .text._lseek   0x0000000008001224       0x1a ./Core/Src/syscalls.o
                0x0000000008001224                _lseek
 *fill*         0x000000000800123e        0x2 
 .text._sbrk    0x0000000008001240       0x6c ./Core/Src/sysmem.o
                0x0000000008001240                _sbrk
 .text.SystemInit
                0x00000000080012ac       0x24 ./Core/Src/system_stm32f4xx.o
                0x00000000080012ac                SystemInit
 .text.Reset_Handler
                0x00000000080012d0       0x50 ./Core/Startup/startup_stm32f412zgtx.o
                0x00000000080012d0                Reset_Handler
 .text.Default_Handler
                0x0000000008001320        0x2 ./Core/Startup/startup_stm32f412zgtx.o
                0x0000000008001320                RTC_Alarm_IRQHandler
                0x0000000008001320                EXTI2_IRQHandler
                0x0000000008001320                TIM8_CC_IRQHandler
                0x0000000008001320                FMPI2C1_EV_IRQHandler
                0x0000000008001320                SPI4_IRQHandler
                0x0000000008001320                TIM1_CC_IRQHandler
                0x0000000008001320                DMA2_Stream5_IRQHandler
                0x0000000008001320                DMA1_Stream5_IRQHandler
                0x0000000008001320                TIM6_IRQHandler
                0x0000000008001320                PVD_IRQHandler
                0x0000000008001320                SDIO_IRQHandler
                0x0000000008001320                TAMP_STAMP_IRQHandler
                0x0000000008001320                CAN2_RX1_IRQHandler
                0x0000000008001320                EXTI3_IRQHandler
                0x0000000008001320                TIM8_TRG_COM_TIM14_IRQHandler
                0x0000000008001320                DFSDM1_FLT1_IRQHandler
                0x0000000008001320                TIM1_UP_TIM10_IRQHandler
                0x0000000008001320                TIM8_UP_TIM13_IRQHandler
                0x0000000008001320                I2C3_ER_IRQHandler
                0x0000000008001320                EXTI0_IRQHandler
                0x0000000008001320                I2C2_EV_IRQHandler
                0x0000000008001320                DMA1_Stream2_IRQHandler
                0x0000000008001320                CAN1_RX0_IRQHandler
                0x0000000008001320                FPU_IRQHandler
                0x0000000008001320                CAN2_SCE_IRQHandler
                0x0000000008001320                DMA2_Stream2_IRQHandler
                0x0000000008001320                SPI1_IRQHandler
                0x0000000008001320                TIM1_BRK_TIM9_IRQHandler
                0x0000000008001320                CAN2_RX0_IRQHandler
                0x0000000008001320                DMA2_Stream3_IRQHandler
                0x0000000008001320                USART6_IRQHandler
                0x0000000008001320                USART3_IRQHandler
                0x0000000008001320                CAN1_RX1_IRQHandler
                0x0000000008001320                DMA2_Stream0_IRQHandler
                0x0000000008001320                TIM4_IRQHandler
                0x0000000008001320                QUADSPI_IRQHandler
                0x0000000008001320                I2C1_EV_IRQHandler
                0x0000000008001320                DMA1_Stream6_IRQHandler
                0x0000000008001320                DMA1_Stream1_IRQHandler
                0x0000000008001320                TIM3_IRQHandler
                0x0000000008001320                RCC_IRQHandler
                0x0000000008001320                TIM8_BRK_TIM12_IRQHandler
                0x0000000008001320                Default_Handler
                0x0000000008001320                EXTI15_10_IRQHandler
                0x0000000008001320                ADC_IRQHandler
                0x0000000008001320                DMA1_Stream7_IRQHandler
                0x0000000008001320                SPI5_IRQHandler
                0x0000000008001320                TIM7_IRQHandler
                0x0000000008001320                CAN2_TX_IRQHandler
                0x0000000008001320                TIM5_IRQHandler
                0x0000000008001320                DMA2_Stream7_IRQHandler
                0x0000000008001320                I2C3_EV_IRQHandler
                0x0000000008001320                EXTI9_5_IRQHandler
                0x0000000008001320                RTC_WKUP_IRQHandler
                0x0000000008001320                SPI2_IRQHandler
                0x0000000008001320                DMA1_Stream0_IRQHandler
                0x0000000008001320                CAN1_TX_IRQHandler
                0x0000000008001320                FMPI2C1_ER_IRQHandler
                0x0000000008001320                EXTI4_IRQHandler
                0x0000000008001320                RNG_IRQHandler
                0x0000000008001320                WWDG_IRQHandler
                0x0000000008001320                TIM2_IRQHandler
                0x0000000008001320                OTG_FS_WKUP_IRQHandler
                0x0000000008001320                TIM1_TRG_COM_TIM11_IRQHandler
                0x0000000008001320                EXTI1_IRQHandler
                0x0000000008001320                USART2_IRQHandler
                0x0000000008001320                DFSDM1_FLT0_IRQHandler
                0x0000000008001320                I2C2_ER_IRQHandler
                0x0000000008001320                DMA2_Stream1_IRQHandler
                0x0000000008001320                CAN1_SCE_IRQHandler
                0x0000000008001320                FLASH_IRQHandler
                0x0000000008001320                DMA2_Stream4_IRQHandler
                0x0000000008001320                USART1_IRQHandler
                0x0000000008001320                OTG_FS_IRQHandler
                0x0000000008001320                SPI3_IRQHandler
                0x0000000008001320                DMA1_Stream4_IRQHandler
                0x0000000008001320                I2C1_ER_IRQHandler
                0x0000000008001320                DMA2_Stream6_IRQHandler
                0x0000000008001320                DMA1_Stream3_IRQHandler
 *fill*         0x0000000008001322        0x2 
 .text.HAL_Init
                0x0000000008001324       0x44 ./Drivers/STM32F4xx_HAL_Driver/Src/stm32f4xx_hal.o
                0x0000000008001324                HAL_Init
 .text.HAL_InitTick
                0x0000000008001368       0x60 ./Drivers/STM32F4xx_HAL_Driver/Src/stm32f4xx_hal.o
                0x0000000008001368                HAL_InitTick
 .text.HAL_IncTick
                0x00000000080013c8       0x28 ./Drivers/STM32F4xx_HAL_Driver/Src/stm32f4xx_hal.o
                0x00000000080013c8                HAL_IncTick
 .text.HAL_GetTick
                0x00000000080013f0       0x18 ./Drivers/STM32F4xx_HAL_Driver/Src/stm32f4xx_hal.o
                0x00000000080013f0                HAL_GetTick
 .text.HAL_Delay
                0x0000000008001408       0x48 ./Drivers/STM32F4xx_HAL_Driver/Src/stm32f4xx_hal.o
                0x0000000008001408                HAL_Delay
 .text.__NVIC_SetPriorityGrouping
                0x0000000008001450       0x48 ./Drivers/STM32F4xx_HAL_Driver/Src/stm32f4xx_hal_cortex.o
 .text.__NVIC_GetPriorityGrouping
                0x0000000008001498       0x1c ./Drivers/STM32F4xx_HAL_Driver/Src/stm32f4xx_hal_cortex.o
 .text.__NVIC_SetPriority
                0x00000000080014b4       0x54 ./Drivers/STM32F4xx_HAL_Driver/Src/stm32f4xx_hal_cortex.o
 .text.NVIC_EncodePriority
                0x0000000008001508       0x66 ./Drivers/STM32F4xx_HAL_Driver/Src/stm32f4xx_hal_cortex.o
 *fill*         0x000000000800156e        0x2 
 .text.SysTick_Config
                0x0000000008001570       0x44 ./Drivers/STM32F4xx_HAL_Driver/Src/stm32f4xx_hal_cortex.o
 .text.HAL_NVIC_SetPriorityGrouping
                0x00000000080015b4       0x16 ./Drivers/STM32F4xx_HAL_Driver/Src/stm32f4xx_hal_cortex.o
                0x00000000080015b4                HAL_NVIC_SetPriorityGrouping
 .text.HAL_NVIC_SetPriority
                0x00000000080015ca       0x38 ./Drivers/STM32F4xx_HAL_Driver/Src/stm32f4xx_hal_cortex.o
                0x00000000080015ca                HAL_NVIC_SetPriority
 .text.HAL_SYSTICK_Config
                0x0000000008001602       0x18 ./Drivers/STM32F4xx_HAL_Driver/Src/stm32f4xx_hal_cortex.o
                0x0000000008001602                HAL_SYSTICK_Config
 .text.HAL_DMA_Abort
                0x000000000800161a       0xe0 ./Drivers/STM32F4xx_HAL_Driver/Src/stm32f4xx_hal_dma.o
                0x000000000800161a                HAL_DMA_Abort
 *fill*         0x00000000080016fa        0x2 
 .text.HAL_GPIO_Init
                0x00000000080016fc      0x328 ./Drivers/STM32F4xx_HAL_Driver/Src/stm32f4xx_hal_gpio.o
                0x00000000080016fc                HAL_GPIO_Init
 .text.HAL_GPIO_WritePin
                0x0000000008001a24       0x32 ./Drivers/STM32F4xx_HAL_Driver/Src/stm32f4xx_hal_gpio.o
                0x0000000008001a24                HAL_GPIO_WritePin
 .text.HAL_PCD_Init
                0x0000000008001a56      0x22c ./Drivers/STM32F4xx_HAL_Driver/Src/stm32f4xx_hal_pcd.o
                0x0000000008001a56                HAL_PCD_Init
 .text.HAL_PCDEx_ActivateLPM
                0x0000000008001c82       0x48 ./Drivers/STM32F4xx_HAL_Driver/Src/stm32f4xx_hal_pcd_ex.o
                0x0000000008001c82                HAL_PCDEx_ActivateLPM
 *fill*         0x0000000008001cca        0x2 
 .text.HAL_QSPI_Init
                0x0000000008001ccc       0xf8 ./Drivers/STM32F4xx_HAL_Driver/Src/stm32f4xx_hal_qspi.o
                0x0000000008001ccc                HAL_QSPI_Init
 .text.HAL_QSPI_Command
                0x0000000008001dc4       0xbc ./Drivers/STM32F4xx_HAL_Driver/Src/stm32f4xx_hal_qspi.o
                0x0000000008001dc4                HAL_QSPI_Command
 .text.HAL_QSPI_Transmit
                0x0000000008001e80      0x12e ./Drivers/STM32F4xx_HAL_Driver/Src/stm32f4xx_hal_qspi.o
                0x0000000008001e80                HAL_QSPI_Transmit
 .text.HAL_QSPI_Receive
                0x0000000008001fae      0x144 ./Drivers/STM32F4xx_HAL_Driver/Src/stm32f4xx_hal_qspi.o
                0x0000000008001fae                HAL_QSPI_Receive
 .text.HAL_QSPI_Abort
                0x00000000080020f2       0xf2 ./Drivers/STM32F4xx_HAL_Driver/Src/stm32f4xx_hal_qspi.o
                0x00000000080020f2                HAL_QSPI_Abort
 .text.HAL_QSPI_SetTimeout
                0x00000000080021e4       0x1c ./Drivers/STM32F4xx_HAL_Driver/Src/stm32f4xx_hal_qspi.o
                0x00000000080021e4                HAL_QSPI_SetTimeout
 .text.QSPI_WaitFlagStateUntilTimeout
                0x0000000008002200       0x6e ./Drivers/STM32F4xx_HAL_Driver/Src/stm32f4xx_hal_qspi.o
 .text.QSPI_Config
                0x000000000800226e      0x32e ./Drivers/STM32F4xx_HAL_Driver/Src/stm32f4xx_hal_qspi.o
 .text.HAL_RCC_ClockConfig
                0x000000000800259c      0x1cc ./Drivers/STM32F4xx_HAL_Driver/Src/stm32f4xx_hal_rcc.o
                0x000000000800259c                HAL_RCC_ClockConfig
 .text.HAL_RCC_GetSysClockFreq
                0x0000000008002768      0x20c ./Drivers/STM32F4xx_HAL_Driver/Src/stm32f4xx_hal_rcc.o
                0x0000000008002768                HAL_RCC_GetSysClockFreq
 .text.HAL_RCC_GetHCLKFreq
                0x0000000008002974       0x18 ./Drivers/STM32F4xx_HAL_Driver/Src/stm32f4xx_hal_rcc.o
                0x0000000008002974                HAL_RCC_GetHCLKFreq
 .text.HAL_RCC_GetPCLK1Freq
                0x000000000800298c       0x28 ./Drivers/STM32F4xx_HAL_Driver/Src/stm32f4xx_hal_rcc.o
                0x000000000800298c                HAL_RCC_GetPCLK1Freq
 .text.HAL_RCC_GetPCLK2Freq
                0x00000000080029b4       0x28 ./Drivers/STM32F4xx_HAL_Driver/Src/stm32f4xx_hal_rcc.o
                0x00000000080029b4                HAL_RCC_GetPCLK2Freq
 .text.HAL_RCCEx_PeriphCLKConfig
                0x00000000080029dc      0x39c ./Drivers/STM32F4xx_HAL_Driver/Src/stm32f4xx_hal_rcc_ex.o
                0x00000000080029dc                HAL_RCCEx_PeriphCLKConfig
 .text.HAL_RCC_OscConfig
                0x0000000008002d78      0x508 ./Drivers/STM32F4xx_HAL_Driver/Src/stm32f4xx_hal_rcc_ex.o
                0x0000000008002d78                HAL_RCC_OscConfig
 .text.HAL_UART_Init
                0x0000000008003280       0xa0 ./Drivers/STM32F4xx_HAL_Driver/Src/stm32f4xx_hal_uart.o
                0x0000000008003280                HAL_UART_Init
 .text.HAL_UART_Transmit
                0x0000000008003320      0x116 ./Drivers/STM32F4xx_HAL_Driver/Src/stm32f4xx_hal_uart.o
                0x0000000008003320                HAL_UART_Transmit
 .text.UART_WaitOnFlagUntilTimeout
                0x0000000008003436       0xb2 ./Drivers/STM32F4xx_HAL_Driver/Src/stm32f4xx_hal_uart.o
 .text.UART_EndRxTransfer
                0x00000000080034e8       0xc6 ./Drivers/STM32F4xx_HAL_Driver/Src/stm32f4xx_hal_uart.o
 *fill*         0x00000000080035ae        0x2 
 .text.UART_SetConfig
                0x00000000080035b0      0x4e8 ./Drivers/STM32F4xx_HAL_Driver/Src/stm32f4xx_hal_uart.o
 .text.USB_CoreInit
                0x0000000008003a98       0xc8 ./Drivers/STM32F4xx_HAL_Driver/Src/stm32f4xx_ll_usb.o
                0x0000000008003a98                USB_CoreInit
 .text.USB_DisableGlobalInt
                0x0000000008003b60       0x22 ./Drivers/STM32F4xx_HAL_Driver/Src/stm32f4xx_ll_usb.o
                0x0000000008003b60                USB_DisableGlobalInt
 .text.USB_SetCurrentMode
                0x0000000008003b82       0x98 ./Drivers/STM32F4xx_HAL_Driver/Src/stm32f4xx_ll_usb.o
                0x0000000008003b82                USB_SetCurrentMode
 *fill*         0x0000000008003c1a        0x2 
 .text.USB_DevInit
                0x0000000008003c1c      0x2bc ./Drivers/STM32F4xx_HAL_Driver/Src/stm32f4xx_ll_usb.o
                0x0000000008003c1c                USB_DevInit
 .text.USB_FlushTxFifo
                0x0000000008003ed8       0x64 ./Drivers/STM32F4xx_HAL_Driver/Src/stm32f4xx_ll_usb.o
                0x0000000008003ed8                USB_FlushTxFifo
 .text.USB_FlushRxFifo
                0x0000000008003f3c       0x5c ./Drivers/STM32F4xx_HAL_Driver/Src/stm32f4xx_ll_usb.o
                0x0000000008003f3c                USB_FlushRxFifo
 .text.USB_SetDevSpeed
                0x0000000008003f98       0x32 ./Drivers/STM32F4xx_HAL_Driver/Src/stm32f4xx_ll_usb.o
                0x0000000008003f98                USB_SetDevSpeed
 .text.USB_DevDisconnect
                0x0000000008003fca       0x42 ./Drivers/STM32F4xx_HAL_Driver/Src/stm32f4xx_ll_usb.o
                0x0000000008003fca                USB_DevDisconnect
 .text.USB_GetMode
                0x000000000800400c       0x1c ./Drivers/STM32F4xx_HAL_Driver/Src/stm32f4xx_ll_usb.o
                0x000000000800400c                USB_GetMode
 .text.USB_CoreReset
                0x0000000008004028       0x70 ./Drivers/STM32F4xx_HAL_Driver/Src/stm32f4xx_ll_usb.o
 .text.check_loopback_mode_W6x00
                0x0000000008004098       0x3c ./libraries/ioLibrary_Driver/Application/loopback/loopback.o
                0x0000000008004098                check_loopback_mode_W6x00
 .text.loopback_tcps
                0x00000000080040d4      0x2e0 ./libraries/ioLibrary_Driver/Application/loopback/loopback.o
                0x00000000080040d4                loopback_tcps
 .text.WIZCHIP_WRITE
                0x00000000080043b4       0x40 ./libraries/ioLibrary_Driver/Ethernet/W6300/w6300.o
                0x00000000080043b4                WIZCHIP_WRITE
 .text.WIZCHIP_READ
                0x00000000080043f4       0x3c ./libraries/ioLibrary_Driver/Ethernet/W6300/w6300.o
                0x00000000080043f4                WIZCHIP_READ
 .text.WIZCHIP_WRITE_BUF
                0x0000000008004430       0x40 ./libraries/ioLibrary_Driver/Ethernet/W6300/w6300.o
                0x0000000008004430                WIZCHIP_WRITE_BUF
 .text.WIZCHIP_READ_BUF
                0x0000000008004470       0x3c ./libraries/ioLibrary_Driver/Ethernet/W6300/w6300.o
                0x0000000008004470                WIZCHIP_READ_BUF
 .text.getSn_TX_FSR
                0x00000000080044ac       0x5e ./libraries/ioLibrary_Driver/Ethernet/W6300/w6300.o
                0x00000000080044ac                getSn_TX_FSR
 .text.getSn_RX_RSR
                0x000000000800450a       0x5e ./libraries/ioLibrary_Driver/Ethernet/W6300/w6300.o
                0x000000000800450a                getSn_RX_RSR
 .text.wiz_send_data
                0x0000000008004568       0xac ./libraries/ioLibrary_Driver/Ethernet/W6300/w6300.o
                0x0000000008004568                wiz_send_data
 .text.wiz_recv_data
                0x0000000008004614       0xb4 ./libraries/ioLibrary_Driver/Ethernet/W6300/w6300.o
                0x0000000008004614                wiz_recv_data
 .text.socket   0x00000000080046c8      0x3f0 ./libraries/ioLibrary_Driver/Ethernet/socket.o
                0x00000000080046c8                socket
 .text.close    0x0000000008004ab8       0xd4 ./libraries/ioLibrary_Driver/Ethernet/socket.o
                0x0000000008004ab8                close
 .text.listen   0x0000000008004b8c       0xa8 ./libraries/ioLibrary_Driver/Ethernet/socket.o
                0x0000000008004b8c                listen
 .text.disconnect
                0x0000000008004c34       0xf8 ./libraries/ioLibrary_Driver/Ethernet/socket.o
                0x0000000008004c34                disconnect
 .text.send     0x0000000008004d2c      0x1b4 ./libraries/ioLibrary_Driver/Ethernet/socket.o
                0x0000000008004d2c                send
 .text.recv     0x0000000008004ee0      0x158 ./libraries/ioLibrary_Driver/Ethernet/socket.o
                0x0000000008004ee0                recv
 .text.ctlsocket
                0x0000000008005038      0x1d0 ./libraries/ioLibrary_Driver/Ethernet/socket.o
                0x0000000008005038                ctlsocket
 .text.getsockopt
                0x0000000008005208      0x36c ./libraries/ioLibrary_Driver/Ethernet/socket.o
                0x0000000008005208                getsockopt
 .text.wizchip_cris_enter
                0x0000000008005574        0xe ./libraries/ioLibrary_Driver/Ethernet/wizchip_conf.o
                0x0000000008005574                wizchip_cris_enter
 .text.wizchip_cris_exit
                0x0000000008005582        0xe ./libraries/ioLibrary_Driver/Ethernet/wizchip_conf.o
                0x0000000008005582                wizchip_cris_exit
 .text.wizchip_cs_select
                0x0000000008005590        0xe ./libraries/ioLibrary_Driver/Ethernet/wizchip_conf.o
                0x0000000008005590                wizchip_cs_select
 .text.wizchip_cs_deselect
                0x000000000800559e        0xe ./libraries/ioLibrary_Driver/Ethernet/wizchip_conf.o
                0x000000000800559e                wizchip_cs_deselect
 .text.wizchip_bus_readdata
                0x00000000080055ac       0x1a ./libraries/ioLibrary_Driver/Ethernet/wizchip_conf.o
                0x00000000080055ac                wizchip_bus_readdata
 .text.wizchip_bus_writedata
                0x00000000080055c6       0x1e ./libraries/ioLibrary_Driver/Ethernet/wizchip_conf.o
                0x00000000080055c6                wizchip_bus_writedata
 .text.wizchip_qspi_read
                0x00000000080055e4       0x22 ./libraries/ioLibrary_Driver/Ethernet/wizchip_conf.o
                0x00000000080055e4                wizchip_qspi_read
 .text.wizchip_qspi_write
                0x0000000008005606       0x22 ./libraries/ioLibrary_Driver/Ethernet/wizchip_conf.o
                0x0000000008005606                wizchip_qspi_write
 .text.reg_wizchip_cs_cbfunc
                0x0000000008005628       0x4c ./libraries/ioLibrary_Driver/Ethernet/wizchip_conf.o
                0x0000000008005628                reg_wizchip_cs_cbfunc
 .text.reg_wizchip_qspi_cbfunc
                0x0000000008005674       0x58 ./libraries/ioLibrary_Driver/Ethernet/wizchip_conf.o
                0x0000000008005674                reg_wizchip_qspi_cbfunc
 .text.ctlwizchip
                0x00000000080056cc      0x2a0 ./libraries/ioLibrary_Driver/Ethernet/wizchip_conf.o
                0x00000000080056cc                ctlwizchip
 .text.ctlnetwork
                0x000000000800596c       0xa0 ./libraries/ioLibrary_Driver/Ethernet/wizchip_conf.o
                0x000000000800596c                ctlnetwork
 .text.wizchip_sw_reset
                0x0000000008005a0c      0x168 ./libraries/ioLibrary_Driver/Ethernet/wizchip_conf.o
                0x0000000008005a0c                wizchip_sw_reset
 .text.wizchip_init
                0x0000000008005b74      0x114 ./libraries/ioLibrary_Driver/Ethernet/wizchip_conf.o
                0x0000000008005b74                wizchip_init
 .text.wizchip_clrinterrupt
                0x0000000008005c88       0x74 ./libraries/ioLibrary_Driver/Ethernet/wizchip_conf.o
                0x0000000008005c88                wizchip_clrinterrupt
 .text.wizchip_getinterrupt
                0x0000000008005cfc       0x58 ./libraries/ioLibrary_Driver/Ethernet/wizchip_conf.o
                0x0000000008005cfc                wizchip_getinterrupt
 .text.wizchip_setinterruptmask
                0x0000000008005d54       0x50 ./libraries/ioLibrary_Driver/Ethernet/wizchip_conf.o
                0x0000000008005d54                wizchip_setinterruptmask
 .text.wizchip_getinterruptmask
                0x0000000008005da4       0x5c ./libraries/ioLibrary_Driver/Ethernet/wizchip_conf.o
                0x0000000008005da4                wizchip_getinterruptmask
 .text.wizphy_getphylink
                0x0000000008005e00       0x24 ./libraries/ioLibrary_Driver/Ethernet/wizchip_conf.o
                0x0000000008005e00                wizphy_getphylink
 .text.wizphy_getphypmode
                0x0000000008005e24       0x2c ./libraries/ioLibrary_Driver/Ethernet/wizchip_conf.o
                0x0000000008005e24                wizphy_getphypmode
 .text.wizphy_reset
                0x0000000008005e50       0x40 ./libraries/ioLibrary_Driver/Ethernet/wizchip_conf.o
                0x0000000008005e50                wizphy_reset
 .text.wizphy_setphyconf
                0x0000000008005e90       0x98 ./libraries/ioLibrary_Driver/Ethernet/wizchip_conf.o
                0x0000000008005e90                wizphy_setphyconf
 .text.wizphy_getphyconf
                0x0000000008005f28       0x80 ./libraries/ioLibrary_Driver/Ethernet/wizchip_conf.o
                0x0000000008005f28                wizphy_getphyconf
 .text.wizphy_setphypmode
                0x0000000008005fa8       0x44 ./libraries/ioLibrary_Driver/Ethernet/wizchip_conf.o
                0x0000000008005fa8                wizphy_setphypmode
 .text.wizchip_setnetinfo
                0x0000000008005fec       0xfc ./libraries/ioLibrary_Driver/Ethernet/wizchip_conf.o
                0x0000000008005fec                wizchip_setnetinfo
 .text.wizchip_getnetinfo
                0x00000000080060e8      0x100 ./libraries/ioLibrary_Driver/Ethernet/wizchip_conf.o
                0x00000000080060e8                wizchip_getnetinfo
 .text.wizchip_setnetmode
                0x00000000080061e8       0x58 ./libraries/ioLibrary_Driver/Ethernet/wizchip_conf.o
                0x00000000080061e8                wizchip_setnetmode
 .text.wizchip_getnetmode
                0x0000000008006240       0x5c ./libraries/ioLibrary_Driver/Ethernet/wizchip_conf.o
                0x0000000008006240                wizchip_getnetmode
 .text.wizchip_settimeout
                0x000000000800629c       0x80 ./libraries/ioLibrary_Driver/Ethernet/wizchip_conf.o
                0x000000000800629c                wizchip_settimeout
 .text.wizchip_gettimeout
                0x000000000800631c       0x84 ./libraries/ioLibrary_Driver/Ethernet/wizchip_conf.o
                0x000000000800631c                wizchip_gettimeout
 .text.std      0x00000000080063a0       0x6c C:/ST/STM32CubeIDE_1.14.0/STM32CubeIDE/plugins/com.st.stm32cube.ide.mcu.externaltools.gnu-tools-for-stm32.11.3.rel1.win32_1.1.100.202309141235/tools/bin/../lib/gcc/arm-none-eabi/11.3.1/../../../../arm-none-eabi/lib/thumb/v7e-m+fp/hard\libc_nano.a(libc_a-findfp.o)
 .text.stdio_exit_handler
                0x000000000800640c       0x18 C:/ST/STM32CubeIDE_1.14.0/STM32CubeIDE/plugins/com.st.stm32cube.ide.mcu.externaltools.gnu-tools-for-stm32.11.3.rel1.win32_1.1.100.202309141235/tools/bin/../lib/gcc/arm-none-eabi/11.3.1/../../../../arm-none-eabi/lib/thumb/v7e-m+fp/hard\libc_nano.a(libc_a-findfp.o)
 .text.cleanup_stdio
                0x0000000008006424       0x40 C:/ST/STM32CubeIDE_1.14.0/STM32CubeIDE/plugins/com.st.stm32cube.ide.mcu.externaltools.gnu-tools-for-stm32.11.3.rel1.win32_1.1.100.202309141235/tools/bin/../lib/gcc/arm-none-eabi/11.3.1/../../../../arm-none-eabi/lib/thumb/v7e-m+fp/hard\libc_nano.a(libc_a-findfp.o)
 .text.global_stdio_init.part.0
                0x0000000008006464       0x3c C:/ST/STM32CubeIDE_1.14.0/STM32CubeIDE/plugins/com.st.stm32cube.ide.mcu.externaltools.gnu-tools-for-stm32.11.3.rel1.win32_1.1.100.202309141235/tools/bin/../lib/gcc/arm-none-eabi/11.3.1/../../../../arm-none-eabi/lib/thumb/v7e-m+fp/hard\libc_nano.a(libc_a-findfp.o)
 .text.__sfp_lock_acquire
                0x00000000080064a0        0xc C:/ST/STM32CubeIDE_1.14.0/STM32CubeIDE/plugins/com.st.stm32cube.ide.mcu.externaltools.gnu-tools-for-stm32.11.3.rel1.win32_1.1.100.202309141235/tools/bin/../lib/gcc/arm-none-eabi/11.3.1/../../../../arm-none-eabi/lib/thumb/v7e-m+fp/hard\libc_nano.a(libc_a-findfp.o)
                0x00000000080064a0                __sfp_lock_acquire
 .text.__sfp_lock_release
                0x00000000080064ac        0xc C:/ST/STM32CubeIDE_1.14.0/STM32CubeIDE/plugins/com.st.stm32cube.ide.mcu.externaltools.gnu-tools-for-stm32.11.3.rel1.win32_1.1.100.202309141235/tools/bin/../lib/gcc/arm-none-eabi/11.3.1/../../../../arm-none-eabi/lib/thumb/v7e-m+fp/hard\libc_nano.a(libc_a-findfp.o)
                0x00000000080064ac                __sfp_lock_release
 .text.__sinit  0x00000000080064b8       0x30 C:/ST/STM32CubeIDE_1.14.0/STM32CubeIDE/plugins/com.st.stm32cube.ide.mcu.externaltools.gnu-tools-for-stm32.11.3.rel1.win32_1.1.100.202309141235/tools/bin/../lib/gcc/arm-none-eabi/11.3.1/../../../../arm-none-eabi/lib/thumb/v7e-m+fp/hard\libc_nano.a(libc_a-findfp.o)
                0x00000000080064b8                __sinit
 .text._fwalk_sglue
                0x00000000080064e8       0x3c C:/ST/STM32CubeIDE_1.14.0/STM32CubeIDE/plugins/com.st.stm32cube.ide.mcu.externaltools.gnu-tools-for-stm32.11.3.rel1.win32_1.1.100.202309141235/tools/bin/../lib/gcc/arm-none-eabi/11.3.1/../../../../arm-none-eabi/lib/thumb/v7e-m+fp/hard\libc_nano.a(libc_a-fwalk.o)
                0x00000000080064e8                _fwalk_sglue
 .text.printf   0x0000000008006524       0x24 C:/ST/STM32CubeIDE_1.14.0/STM32CubeIDE/plugins/com.st.stm32cube.ide.mcu.externaltools.gnu-tools-for-stm32.11.3.rel1.win32_1.1.100.202309141235/tools/bin/../lib/gcc/arm-none-eabi/11.3.1/../../../../arm-none-eabi/lib/thumb/v7e-m+fp/hard\libc_nano.a(libc_a-printf.o)
                0x0000000008006524                iprintf
                0x0000000008006524                printf
 .text._puts_r  0x0000000008006548       0xa8 C:/ST/STM32CubeIDE_1.14.0/STM32CubeIDE/plugins/com.st.stm32cube.ide.mcu.externaltools.gnu-tools-for-stm32.11.3.rel1.win32_1.1.100.202309141235/tools/bin/../lib/gcc/arm-none-eabi/11.3.1/../../../../arm-none-eabi/lib/thumb/v7e-m+fp/hard\libc_nano.a(libc_a-puts.o)
                0x0000000008006548                _puts_r
 .text.puts     0x00000000080065f0       0x10 C:/ST/STM32CubeIDE_1.14.0/STM32CubeIDE/plugins/com.st.stm32cube.ide.mcu.externaltools.gnu-tools-for-stm32.11.3.rel1.win32_1.1.100.202309141235/tools/bin/../lib/gcc/arm-none-eabi/11.3.1/../../../../arm-none-eabi/lib/thumb/v7e-m+fp/hard\libc_nano.a(libc_a-puts.o)
                0x00000000080065f0                puts
 .text.__sread  0x0000000008006600       0x22 C:/ST/STM32CubeIDE_1.14.0/STM32CubeIDE/plugins/com.st.stm32cube.ide.mcu.externaltools.gnu-tools-for-stm32.11.3.rel1.win32_1.1.100.202309141235/tools/bin/../lib/gcc/arm-none-eabi/11.3.1/../../../../arm-none-eabi/lib/thumb/v7e-m+fp/hard\libc_nano.a(libc_a-stdio.o)
                0x0000000008006600                __sread
 .text.__swrite
                0x0000000008006622       0x38 C:/ST/STM32CubeIDE_1.14.0/STM32CubeIDE/plugins/com.st.stm32cube.ide.mcu.externaltools.gnu-tools-for-stm32.11.3.rel1.win32_1.1.100.202309141235/tools/bin/../lib/gcc/arm-none-eabi/11.3.1/../../../../arm-none-eabi/lib/thumb/v7e-m+fp/hard\libc_nano.a(libc_a-stdio.o)
                0x0000000008006622                __swrite
 .text.__sseek  0x000000000800665a       0x24 C:/ST/STM32CubeIDE_1.14.0/STM32CubeIDE/plugins/com.st.stm32cube.ide.mcu.externaltools.gnu-tools-for-stm32.11.3.rel1.win32_1.1.100.202309141235/tools/bin/../lib/gcc/arm-none-eabi/11.3.1/../../../../arm-none-eabi/lib/thumb/v7e-m+fp/hard\libc_nano.a(libc_a-stdio.o)
                0x000000000800665a                __sseek
 .text.__sclose
                0x000000000800667e        0x8 C:/ST/STM32CubeIDE_1.14.0/STM32CubeIDE/plugins/com.st.stm32cube.ide.mcu.externaltools.gnu-tools-for-stm32.11.3.rel1.win32_1.1.100.202309141235/tools/bin/../lib/gcc/arm-none-eabi/11.3.1/../../../../arm-none-eabi/lib/thumb/v7e-m+fp/hard\libc_nano.a(libc_a-stdio.o)
                0x000000000800667e                __sclose
 .text.__swbuf_r
                0x0000000008006686       0x7a C:/ST/STM32CubeIDE_1.14.0/STM32CubeIDE/plugins/com.st.stm32cube.ide.mcu.externaltools.gnu-tools-for-stm32.11.3.rel1.win32_1.1.100.202309141235/tools/bin/../lib/gcc/arm-none-eabi/11.3.1/../../../../arm-none-eabi/lib/thumb/v7e-m+fp/hard\libc_nano.a(libc_a-wbuf.o)
                0x0000000008006686                __swbuf_r
 .text.__swsetup_r
                0x0000000008006700       0xb0 C:/ST/STM32CubeIDE_1.14.0/STM32CubeIDE/plugins/com.st.stm32cube.ide.mcu.externaltools.gnu-tools-for-stm32.11.3.rel1.win32_1.1.100.202309141235/tools/bin/../lib/gcc/arm-none-eabi/11.3.1/../../../../arm-none-eabi/lib/thumb/v7e-m+fp/hard\libc_nano.a(libc_a-wsetup.o)
                0x0000000008006700                __swsetup_r
 .text.memset   0x00000000080067b0       0x10 C:/ST/STM32CubeIDE_1.14.0/STM32CubeIDE/plugins/com.st.stm32cube.ide.mcu.externaltools.gnu-tools-for-stm32.11.3.rel1.win32_1.1.100.202309141235/tools/bin/../lib/gcc/arm-none-eabi/11.3.1/../../../../arm-none-eabi/lib/thumb/v7e-m+fp/hard\libc_nano.a(libc_a-memset.o)
                0x00000000080067b0                memset
 .text._close_r
                0x00000000080067c0       0x20 C:/ST/STM32CubeIDE_1.14.0/STM32CubeIDE/plugins/com.st.stm32cube.ide.mcu.externaltools.gnu-tools-for-stm32.11.3.rel1.win32_1.1.100.202309141235/tools/bin/../lib/gcc/arm-none-eabi/11.3.1/../../../../arm-none-eabi/lib/thumb/v7e-m+fp/hard\libc_nano.a(libc_a-closer.o)
                0x00000000080067c0                _close_r
 .text._lseek_r
                0x00000000080067e0       0x24 C:/ST/STM32CubeIDE_1.14.0/STM32CubeIDE/plugins/com.st.stm32cube.ide.mcu.externaltools.gnu-tools-for-stm32.11.3.rel1.win32_1.1.100.202309141235/tools/bin/../lib/gcc/arm-none-eabi/11.3.1/../../../../arm-none-eabi/lib/thumb/v7e-m+fp/hard\libc_nano.a(libc_a-lseekr.o)
                0x00000000080067e0                _lseek_r
 .text._read_r  0x0000000008006804       0x24 C:/ST/STM32CubeIDE_1.14.0/STM32CubeIDE/plugins/com.st.stm32cube.ide.mcu.externaltools.gnu-tools-for-stm32.11.3.rel1.win32_1.1.100.202309141235/tools/bin/../lib/gcc/arm-none-eabi/11.3.1/../../../../arm-none-eabi/lib/thumb/v7e-m+fp/hard\libc_nano.a(libc_a-readr.o)
                0x0000000008006804                _read_r
 .text._write_r
                0x0000000008006828       0x24 C:/ST/STM32CubeIDE_1.14.0/STM32CubeIDE/plugins/com.st.stm32cube.ide.mcu.externaltools.gnu-tools-for-stm32.11.3.rel1.win32_1.1.100.202309141235/tools/bin/../lib/gcc/arm-none-eabi/11.3.1/../../../../arm-none-eabi/lib/thumb/v7e-m+fp/hard\libc_nano.a(libc_a-writer.o)
                0x0000000008006828                _write_r
 .text.__errno  0x000000000800684c        0xc C:/ST/STM32CubeIDE_1.14.0/STM32CubeIDE/plugins/com.st.stm32cube.ide.mcu.externaltools.gnu-tools-for-stm32.11.3.rel1.win32_1.1.100.202309141235/tools/bin/../lib/gcc/arm-none-eabi/11.3.1/../../../../arm-none-eabi/lib/thumb/v7e-m+fp/hard\libc_nano.a(libc_a-errno.o)
                0x000000000800684c                __errno
 .text.__libc_init_array
                0x0000000008006858       0x48 C:/ST/STM32CubeIDE_1.14.0/STM32CubeIDE/plugins/com.st.stm32cube.ide.mcu.externaltools.gnu-tools-for-stm32.11.3.rel1.win32_1.1.100.202309141235/tools/bin/../lib/gcc/arm-none-eabi/11.3.1/../../../../arm-none-eabi/lib/thumb/v7e-m+fp/hard\libc_nano.a(libc_a-init.o)
                0x0000000008006858                __libc_init_array
 .text.__retarget_lock_init_recursive
                0x00000000080068a0        0x2 C:/ST/STM32CubeIDE_1.14.0/STM32CubeIDE/plugins/com.st.stm32cube.ide.mcu.externaltools.gnu-tools-for-stm32.11.3.rel1.win32_1.1.100.202309141235/tools/bin/../lib/gcc/arm-none-eabi/11.3.1/../../../../arm-none-eabi/lib/thumb/v7e-m+fp/hard\libc_nano.a(libc_a-lock.o)
                0x00000000080068a0                __retarget_lock_init_recursive
 .text.__retarget_lock_acquire_recursive
                0x00000000080068a2        0x2 C:/ST/STM32CubeIDE_1.14.0/STM32CubeIDE/plugins/com.st.stm32cube.ide.mcu.externaltools.gnu-tools-for-stm32.11.3.rel1.win32_1.1.100.202309141235/tools/bin/../lib/gcc/arm-none-eabi/11.3.1/../../../../arm-none-eabi/lib/thumb/v7e-m+fp/hard\libc_nano.a(libc_a-lock.o)
                0x00000000080068a2                __retarget_lock_acquire_recursive
 .text.__retarget_lock_release_recursive
                0x00000000080068a4        0x2 C:/ST/STM32CubeIDE_1.14.0/STM32CubeIDE/plugins/com.st.stm32cube.ide.mcu.externaltools.gnu-tools-for-stm32.11.3.rel1.win32_1.1.100.202309141235/tools/bin/../lib/gcc/arm-none-eabi/11.3.1/../../../../arm-none-eabi/lib/thumb/v7e-m+fp/hard\libc_nano.a(libc_a-lock.o)
                0x00000000080068a4                __retarget_lock_release_recursive
 .text.memcpy   0x00000000080068a6       0x1c C:/ST/STM32CubeIDE_1.14.0/STM32CubeIDE/plugins/com.st.stm32cube.ide.mcu.externaltools.gnu-tools-for-stm32.11.3.rel1.win32_1.1.100.202309141235/tools/bin/../lib/gcc/arm-none-eabi/11.3.1/../../../../arm-none-eabi/lib/thumb/v7e-m+fp/hard\libc_nano.a(libc_a-memcpy-stub.o)
                0x00000000080068a6                memcpy
 *fill*         0x00000000080068c2        0x2 
 .text._free_r  0x00000000080068c4       0x98 C:/ST/STM32CubeIDE_1.14.0/STM32CubeIDE/plugins/com.st.stm32cube.ide.mcu.externaltools.gnu-tools-for-stm32.11.3.rel1.win32_1.1.100.202309141235/tools/bin/../lib/gcc/arm-none-eabi/11.3.1/../../../../arm-none-eabi/lib/thumb/v7e-m+fp/hard\libc_nano.a(libc_a-freer.o)
                0x00000000080068c4                _free_r
 .text.sbrk_aligned
                0x000000000800695c       0x40 C:/ST/STM32CubeIDE_1.14.0/STM32CubeIDE/plugins/com.st.stm32cube.ide.mcu.externaltools.gnu-tools-for-stm32.11.3.rel1.win32_1.1.100.202309141235/tools/bin/../lib/gcc/arm-none-eabi/11.3.1/../../../../arm-none-eabi/lib/thumb/v7e-m+fp/hard\libc_nano.a(libc_a-mallocr.o)
 .text._malloc_r
                0x000000000800699c      0x100 C:/ST/STM32CubeIDE_1.14.0/STM32CubeIDE/plugins/com.st.stm32cube.ide.mcu.externaltools.gnu-tools-for-stm32.11.3.rel1.win32_1.1.100.202309141235/tools/bin/../lib/gcc/arm-none-eabi/11.3.1/../../../../arm-none-eabi/lib/thumb/v7e-m+fp/hard\libc_nano.a(libc_a-mallocr.o)
                0x000000000800699c                _malloc_r
 .text.__malloc_lock
                0x0000000008006a9c        0xc C:/ST/STM32CubeIDE_1.14.0/STM32CubeIDE/plugins/com.st.stm32cube.ide.mcu.externaltools.gnu-tools-for-stm32.11.3.rel1.win32_1.1.100.202309141235/tools/bin/../lib/gcc/arm-none-eabi/11.3.1/../../../../arm-none-eabi/lib/thumb/v7e-m+fp/hard\libc_nano.a(libc_a-mlock.o)
                0x0000000008006a9c                __malloc_lock
 .text.__malloc_unlock
                0x0000000008006aa8        0xc C:/ST/STM32CubeIDE_1.14.0/STM32CubeIDE/plugins/com.st.stm32cube.ide.mcu.externaltools.gnu-tools-for-stm32.11.3.rel1.win32_1.1.100.202309141235/tools/bin/../lib/gcc/arm-none-eabi/11.3.1/../../../../arm-none-eabi/lib/thumb/v7e-m+fp/hard\libc_nano.a(libc_a-mlock.o)
                0x0000000008006aa8                __malloc_unlock
 .text.__sfputc_r
                0x0000000008006ab4       0x2e C:/ST/STM32CubeIDE_1.14.0/STM32CubeIDE/plugins/com.st.stm32cube.ide.mcu.externaltools.gnu-tools-for-stm32.11.3.rel1.win32_1.1.100.202309141235/tools/bin/../lib/gcc/arm-none-eabi/11.3.1/../../../../arm-none-eabi/lib/thumb/v7e-m+fp/hard\libc_nano.a(libc_a-nano-vfprintf.o)
 .text.__sfputs_r
                0x0000000008006ae2       0x24 C:/ST/STM32CubeIDE_1.14.0/STM32CubeIDE/plugins/com.st.stm32cube.ide.mcu.externaltools.gnu-tools-for-stm32.11.3.rel1.win32_1.1.100.202309141235/tools/bin/../lib/gcc/arm-none-eabi/11.3.1/../../../../arm-none-eabi/lib/thumb/v7e-m+fp/hard\libc_nano.a(libc_a-nano-vfprintf.o)
                0x0000000008006ae2                __sfputs_r
 *fill*         0x0000000008006b06        0x2 
 .text._vfprintf_r
                0x0000000008006b08      0x234 C:/ST/STM32CubeIDE_1.14.0/STM32CubeIDE/plugins/com.st.stm32cube.ide.mcu.externaltools.gnu-tools-for-stm32.11.3.rel1.win32_1.1.100.202309141235/tools/bin/../lib/gcc/arm-none-eabi/11.3.1/../../../../arm-none-eabi/lib/thumb/v7e-m+fp/hard\libc_nano.a(libc_a-nano-vfprintf.o)
                0x0000000008006b08                _vfprintf_r
                0x0000000008006b08                _vfiprintf_r
 .text._printf_common
                0x0000000008006d3c       0xda C:/ST/STM32CubeIDE_1.14.0/STM32CubeIDE/plugins/com.st.stm32cube.ide.mcu.externaltools.gnu-tools-for-stm32.11.3.rel1.win32_1.1.100.202309141235/tools/bin/../lib/gcc/arm-none-eabi/11.3.1/../../../../arm-none-eabi/lib/thumb/v7e-m+fp/hard\libc_nano.a(libc_a-nano-vfprintf_i.o)
                0x0000000008006d3c                _printf_common
 *fill*         0x0000000008006e16        0x2 
 .text._printf_i
                0x0000000008006e18      0x244 C:/ST/STM32CubeIDE_1.14.0/STM32CubeIDE/plugins/com.st.stm32cube.ide.mcu.externaltools.gnu-tools-for-stm32.11.3.rel1.win32_1.1.100.202309141235/tools/bin/../lib/gcc/arm-none-eabi/11.3.1/../../../../arm-none-eabi/lib/thumb/v7e-m+fp/hard\libc_nano.a(libc_a-nano-vfprintf_i.o)
                0x0000000008006e18                _printf_i
 .text.__sflush_r
                0x000000000800705c      0x10c C:/ST/STM32CubeIDE_1.14.0/STM32CubeIDE/plugins/com.st.stm32cube.ide.mcu.externaltools.gnu-tools-for-stm32.11.3.rel1.win32_1.1.100.202309141235/tools/bin/../lib/gcc/arm-none-eabi/11.3.1/../../../../arm-none-eabi/lib/thumb/v7e-m+fp/hard\libc_nano.a(libc_a-fflush.o)
                0x000000000800705c                __sflush_r
 .text._fflush_r
                0x0000000008007168       0x50 C:/ST/STM32CubeIDE_1.14.0/STM32CubeIDE/plugins/com.st.stm32cube.ide.mcu.externaltools.gnu-tools-for-stm32.11.3.rel1.win32_1.1.100.202309141235/tools/bin/../lib/gcc/arm-none-eabi/11.3.1/../../../../arm-none-eabi/lib/thumb/v7e-m+fp/hard\libc_nano.a(libc_a-fflush.o)
                0x0000000008007168                _fflush_r
 .text.__swhatbuf_r
                0x00000000080071b8       0x4c C:/ST/STM32CubeIDE_1.14.0/STM32CubeIDE/plugins/com.st.stm32cube.ide.mcu.externaltools.gnu-tools-for-stm32.11.3.rel1.win32_1.1.100.202309141235/tools/bin/../lib/gcc/arm-none-eabi/11.3.1/../../../../arm-none-eabi/lib/thumb/v7e-m+fp/hard\libc_nano.a(libc_a-makebuf.o)
                0x00000000080071b8                __swhatbuf_r
 .text.__smakebuf_r
                0x0000000008007204       0x78 C:/ST/STM32CubeIDE_1.14.0/STM32CubeIDE/plugins/com.st.stm32cube.ide.mcu.externaltools.gnu-tools-for-stm32.11.3.rel1.win32_1.1.100.202309141235/tools/bin/../lib/gcc/arm-none-eabi/11.3.1/../../../../arm-none-eabi/lib/thumb/v7e-m+fp/hard\libc_nano.a(libc_a-makebuf.o)
                0x0000000008007204                __smakebuf_r
 .text._fstat_r
                0x000000000800727c       0x24 C:/ST/STM32CubeIDE_1.14.0/STM32CubeIDE/plugins/com.st.stm32cube.ide.mcu.externaltools.gnu-tools-for-stm32.11.3.rel1.win32_1.1.100.202309141235/tools/bin/../lib/gcc/arm-none-eabi/11.3.1/../../../../arm-none-eabi/lib/thumb/v7e-m+fp/hard\libc_nano.a(libc_a-fstatr.o)
                0x000000000800727c                _fstat_r
 .text._isatty_r
                0x00000000080072a0       0x20 C:/ST/STM32CubeIDE_1.14.0/STM32CubeIDE/plugins/com.st.stm32cube.ide.mcu.externaltools.gnu-tools-for-stm32.11.3.rel1.win32_1.1.100.202309141235/tools/bin/../lib/gcc/arm-none-eabi/11.3.1/../../../../arm-none-eabi/lib/thumb/v7e-m+fp/hard\libc_nano.a(libc_a-isattyr.o)
                0x00000000080072a0                _isatty_r
 .text._sbrk_r  0x00000000080072c0       0x20 C:/ST/STM32CubeIDE_1.14.0/STM32CubeIDE/plugins/com.st.stm32cube.ide.mcu.externaltools.gnu-tools-for-stm32.11.3.rel1.win32_1.1.100.202309141235/tools/bin/../lib/gcc/arm-none-eabi/11.3.1/../../../../arm-none-eabi/lib/thumb/v7e-m+fp/hard\libc_nano.a(libc_a-sbrkr.o)
                0x00000000080072c0                _sbrk_r
 *(.glue_7)
 .glue_7        0x00000000080072e0        0x0 linker stubs
 *(.glue_7t)
 .glue_7t       0x00000000080072e0        0x0 linker stubs
 *(.eh_frame)
 .eh_frame      0x00000000080072e0        0x0 C:/ST/STM32CubeIDE_1.14.0/STM32CubeIDE/plugins/com.st.stm32cube.ide.mcu.externaltools.gnu-tools-for-stm32.11.3.rel1.win32_1.1.100.202309141235/tools/bin/../lib/gcc/arm-none-eabi/11.3.1/thumb/v7e-m+fp/hard/crtbegin.o
 *(.init)
 .init          0x00000000080072e0        0x4 C:/ST/STM32CubeIDE_1.14.0/STM32CubeIDE/plugins/com.st.stm32cube.ide.mcu.externaltools.gnu-tools-for-stm32.11.3.rel1.win32_1.1.100.202309141235/tools/bin/../lib/gcc/arm-none-eabi/11.3.1/thumb/v7e-m+fp/hard/crti.o
                0x00000000080072e0                _init
 .init          0x00000000080072e4        0x8 C:/ST/STM32CubeIDE_1.14.0/STM32CubeIDE/plugins/com.st.stm32cube.ide.mcu.externaltools.gnu-tools-for-stm32.11.3.rel1.win32_1.1.100.202309141235/tools/bin/../lib/gcc/arm-none-eabi/11.3.1/thumb/v7e-m+fp/hard/crtn.o
 *(.fini)
 .fini          0x00000000080072ec        0x4 C:/ST/STM32CubeIDE_1.14.0/STM32CubeIDE/plugins/com.st.stm32cube.ide.mcu.externaltools.gnu-tools-for-stm32.11.3.rel1.win32_1.1.100.202309141235/tools/bin/../lib/gcc/arm-none-eabi/11.3.1/thumb/v7e-m+fp/hard/crti.o
                0x00000000080072ec                _fini
 .fini          0x00000000080072f0        0x8 C:/ST/STM32CubeIDE_1.14.0/STM32CubeIDE/plugins/com.st.stm32cube.ide.mcu.externaltools.gnu-tools-for-stm32.11.3.rel1.win32_1.1.100.202309141235/tools/bin/../lib/gcc/arm-none-eabi/11.3.1/thumb/v7e-m+fp/hard/crtn.o
                0x00000000080072f8                . = ALIGN (0x4)
                0x00000000080072f8                _etext = .

.vfp11_veneer   0x00000000080072f8        0x0
 .vfp11_veneer  0x00000000080072f8        0x0 linker stubs

.v4_bx          0x00000000080072f8        0x0
 .v4_bx         0x00000000080072f8        0x0 linker stubs

.iplt           0x00000000080072f8        0x0
 .iplt          0x00000000080072f8        0x0 C:/ST/STM32CubeIDE_1.14.0/STM32CubeIDE/plugins/com.st.stm32cube.ide.mcu.externaltools.gnu-tools-for-stm32.11.3.rel1.win32_1.1.100.202309141235/tools/bin/../lib/gcc/arm-none-eabi/11.3.1/thumb/v7e-m+fp/hard/crtbegin.o

.rodata         0x00000000080072f8      0x31c
                0x00000000080072f8                . = ALIGN (0x4)
 *(.rodata)
 .rodata        0x00000000080072f8      0x1f9 ./Core/Src/main.o
 *fill*         0x00000000080074f1        0x3 
 .rodata        0x00000000080074f4       0xd4 ./libraries/ioLibrary_Driver/Application/loopback/loopback.o
 *(.rodata*)
 .rodata.AHBPrescTable
                0x00000000080075c8       0x10 ./Core/Src/system_stm32f4xx.o
                0x00000000080075c8                AHBPrescTable
 .rodata.APBPrescTable
                0x00000000080075d8        0x8 ./Core/Src/system_stm32f4xx.o
                0x00000000080075d8                APBPrescTable
 .rodata._vfprintf_r.str1.1
                0x00000000080075e0       0x11 C:/ST/STM32CubeIDE_1.14.0/STM32CubeIDE/plugins/com.st.stm32cube.ide.mcu.externaltools.gnu-tools-for-stm32.11.3.rel1.win32_1.1.100.202309141235/tools/bin/../lib/gcc/arm-none-eabi/11.3.1/../../../../arm-none-eabi/lib/thumb/v7e-m+fp/hard\libc_nano.a(libc_a-nano-vfprintf.o)
 .rodata._printf_i.str1.1
                0x00000000080075f1       0x22 C:/ST/STM32CubeIDE_1.14.0/STM32CubeIDE/plugins/com.st.stm32cube.ide.mcu.externaltools.gnu-tools-for-stm32.11.3.rel1.win32_1.1.100.202309141235/tools/bin/../lib/gcc/arm-none-eabi/11.3.1/../../../../arm-none-eabi/lib/thumb/v7e-m+fp/hard\libc_nano.a(libc_a-nano-vfprintf_i.o)
                0x0000000008007614                . = ALIGN (0x4)
 *fill*         0x0000000008007613        0x1 

.ARM.extab      0x0000000008007614        0x0
                0x0000000008007614                . = ALIGN (0x4)
 *(.ARM.extab* .gnu.linkonce.armextab.*)
                0x0000000008007614                . = ALIGN (0x4)

.ARM            0x0000000008007614        0x8
                0x0000000008007614                . = ALIGN (0x4)
                0x0000000008007614                __exidx_start = .
 *(.ARM.exidx*)
 .ARM.exidx     0x0000000008007614        0x8 C:/ST/STM32CubeIDE_1.14.0/STM32CubeIDE/plugins/com.st.stm32cube.ide.mcu.externaltools.gnu-tools-for-stm32.11.3.rel1.win32_1.1.100.202309141235/tools/bin/../lib/gcc/arm-none-eabi/11.3.1/thumb/v7e-m+fp/hard\libgcc.a(_udivmoddi4.o)
                0x000000000800761c                __exidx_end = .
                0x000000000800761c                . = ALIGN (0x4)

.rel.dyn        0x000000000800761c        0x0
 .rel.iplt      0x000000000800761c        0x0 C:/ST/STM32CubeIDE_1.14.0/STM32CubeIDE/plugins/com.st.stm32cube.ide.mcu.externaltools.gnu-tools-for-stm32.11.3.rel1.win32_1.1.100.202309141235/tools/bin/../lib/gcc/arm-none-eabi/11.3.1/thumb/v7e-m+fp/hard/crtbegin.o

.preinit_array  0x000000000800761c        0x0
                0x000000000800761c                . = ALIGN (0x4)
                0x000000000800761c                PROVIDE (__preinit_array_start = .)
 *(.preinit_array*)
                0x000000000800761c                PROVIDE (__preinit_array_end = .)
                0x000000000800761c                . = ALIGN (0x4)

.init_array     0x000000000800761c        0x4
                0x000000000800761c                . = ALIGN (0x4)
                0x000000000800761c                PROVIDE (__init_array_start = .)
 *(SORT_BY_NAME(.init_array.*))
 *(.init_array*)
 .init_array    0x000000000800761c        0x4 C:/ST/STM32CubeIDE_1.14.0/STM32CubeIDE/plugins/com.st.stm32cube.ide.mcu.externaltools.gnu-tools-for-stm32.11.3.rel1.win32_1.1.100.202309141235/tools/bin/../lib/gcc/arm-none-eabi/11.3.1/thumb/v7e-m+fp/hard/crtbegin.o
                0x0000000008007620                PROVIDE (__init_array_end = .)
                0x0000000008007620                . = ALIGN (0x4)

.fini_array     0x0000000008007620        0x4
                0x0000000008007620                . = ALIGN (0x4)
                [!provide]                        PROVIDE (__fini_array_start = .)
 *(SORT_BY_NAME(.fini_array.*))
 *(.fini_array*)
 .fini_array    0x0000000008007620        0x4 C:/ST/STM32CubeIDE_1.14.0/STM32CubeIDE/plugins/com.st.stm32cube.ide.mcu.externaltools.gnu-tools-for-stm32.11.3.rel1.win32_1.1.100.202309141235/tools/bin/../lib/gcc/arm-none-eabi/11.3.1/thumb/v7e-m+fp/hard/crtbegin.o
                [!provide]                        PROVIDE (__fini_array_end = .)
                0x0000000008007624                . = ALIGN (0x4)
                0x0000000008007624                _sidata = LOADADDR (.data)

.data           0x0000000020000000      0x10c load address 0x0000000008007624
                0x0000000020000000                . = ALIGN (0x4)
                0x0000000020000000                _sdata = .
 *(.data)
 *(.data*)
 .data.g_net_info
                0x0000000020000000       0x68 ./Core/Src/main.o
 .data.SystemCoreClock
                0x0000000020000068        0x4 ./Core/Src/system_stm32f4xx.o
                0x0000000020000068                SystemCoreClock
 .data.uwTickPrio
                0x000000002000006c        0x4 ./Drivers/STM32F4xx_HAL_Driver/Src/stm32f4xx_hal.o
                0x000000002000006c                uwTickPrio
 .data.uwTickFreq
                0x0000000020000070        0x1 ./Drivers/STM32F4xx_HAL_Driver/Src/stm32f4xx_hal.o
                0x0000000020000070                uwTickFreq
 *fill*         0x0000000020000071        0x3 
 .data.msg_v4   0x0000000020000074        0x4 ./libraries/ioLibrary_Driver/Application/loopback/loopback.o
                0x0000000020000074                msg_v4
 .data.msg_v6   0x0000000020000078        0x4 ./libraries/ioLibrary_Driver/Application/loopback/loopback.o
                0x0000000020000078                msg_v6
 .data.msg_dual
                0x000000002000007c        0x4 ./libraries/ioLibrary_Driver/Application/loopback/loopback.o
                0x000000002000007c                msg_dual
 .data.sock_any_port
                0x0000000020000080        0x2 ./libraries/ioLibrary_Driver/Ethernet/socket.o
 *fill*         0x0000000020000082        0x2 
 .data.WIZCHIP  0x0000000020000084       0x2c ./libraries/ioLibrary_Driver/Ethernet/wizchip_conf.o
                0x0000000020000084                WIZCHIP
 .data.__sglue  0x00000000200000b0        0xc C:/ST/STM32CubeIDE_1.14.0/STM32CubeIDE/plugins/com.st.stm32cube.ide.mcu.externaltools.gnu-tools-for-stm32.11.3.rel1.win32_1.1.100.202309141235/tools/bin/../lib/gcc/arm-none-eabi/11.3.1/../../../../arm-none-eabi/lib/thumb/v7e-m+fp/hard\libc_nano.a(libc_a-findfp.o)
                0x00000000200000b0                __sglue
 .data._impure_data
                0x00000000200000bc       0x4c C:/ST/STM32CubeIDE_1.14.0/STM32CubeIDE/plugins/com.st.stm32cube.ide.mcu.externaltools.gnu-tools-for-stm32.11.3.rel1.win32_1.1.100.202309141235/tools/bin/../lib/gcc/arm-none-eabi/11.3.1/../../../../arm-none-eabi/lib/thumb/v7e-m+fp/hard\libc_nano.a(libc_a-impure.o)
                0x00000000200000bc                _impure_data
 .data._impure_ptr
                0x0000000020000108        0x4 C:/ST/STM32CubeIDE_1.14.0/STM32CubeIDE/plugins/com.st.stm32cube.ide.mcu.externaltools.gnu-tools-for-stm32.11.3.rel1.win32_1.1.100.202309141235/tools/bin/../lib/gcc/arm-none-eabi/11.3.1/../../../../arm-none-eabi/lib/thumb/v7e-m+fp/hard\libc_nano.a(libc_a-impure.o)
                0x0000000020000108                _impure_ptr
 *(.RamFunc)
 *(.RamFunc*)
                0x000000002000010c                . = ALIGN (0x4)
                0x000000002000010c                _edata = .

.igot.plt       0x000000002000010c        0x0 load address 0x0000000008007730
 .igot.plt      0x000000002000010c        0x0 C:/ST/STM32CubeIDE_1.14.0/STM32CubeIDE/plugins/com.st.stm32cube.ide.mcu.externaltools.gnu-tools-for-stm32.11.3.rel1.win32_1.1.100.202309141235/tools/bin/../lib/gcc/arm-none-eabi/11.3.1/thumb/v7e-m+fp/hard/crtbegin.o
                0x000000002000010c                . = ALIGN (0x4)

.bss            0x000000002000010c      0xf20 load address 0x0000000008007730
                0x000000002000010c                _sbss = .
                0x000000002000010c                __bss_start__ = _sbss
 *(.bss)
 .bss           0x000000002000010c       0x1c C:/ST/STM32CubeIDE_1.14.0/STM32CubeIDE/plugins/com.st.stm32cube.ide.mcu.externaltools.gnu-tools-for-stm32.11.3.rel1.win32_1.1.100.202309141235/tools/bin/../lib/gcc/arm-none-eabi/11.3.1/thumb/v7e-m+fp/hard/crtbegin.o
 *(.bss*)
 .bss.hqspi     0x0000000020000128       0x4c ./Core/Src/main.o
                0x0000000020000128                hqspi
 .bss.huart3    0x0000000020000174       0x48 ./Core/Src/main.o
                0x0000000020000174                huart3
 .bss.hpcd_USB_OTG_FS
                0x00000000200001bc      0x4e4 ./Core/Src/main.o
                0x00000000200001bc                hpcd_USB_OTG_FS
 .bss.g_tcp_server_buf
                0x00000000200006a0      0x800 ./Core/Src/main.o
 .bss.__sbrk_heap_end
                0x0000000020000ea0        0x4 ./Core/Src/sysmem.o
 .bss.uwTick    0x0000000020000ea4        0x4 ./Drivers/STM32F4xx_HAL_Driver/Src/stm32f4xx_hal.o
                0x0000000020000ea4                uwTick
 .bss.loopback_mode
                0x0000000020000ea8        0x1 ./libraries/ioLibrary_Driver/Application/loopback/loopback.o
 *fill*         0x0000000020000ea9        0x1 
 .bss.sock_io_mode
                0x0000000020000eaa        0x2 ./libraries/ioLibrary_Driver/Ethernet/socket.o
 .bss.sock_is_sending
                0x0000000020000eac        0x2 ./libraries/ioLibrary_Driver/Ethernet/socket.o
 *fill*         0x0000000020000eae        0x2 
 .bss.sock_remained_size
                0x0000000020000eb0       0x10 ./libraries/ioLibrary_Driver/Ethernet/socket.o
 .bss.sock_pack_info
                0x0000000020000ec0        0x8 ./libraries/ioLibrary_Driver/Ethernet/socket.o
                0x0000000020000ec0                sock_pack_info
 .bss._DNS_     0x0000000020000ec8        0x4 ./libraries/ioLibrary_Driver/Ethernet/wizchip_conf.o
 .bss._DNS6_    0x0000000020000ecc       0x10 ./libraries/ioLibrary_Driver/Ethernet/wizchip_conf.o
 .bss._IPMODE_  0x0000000020000edc        0x1 ./libraries/ioLibrary_Driver/Ethernet/wizchip_conf.o
 *fill*         0x0000000020000edd        0x3 
 .bss.__sf      0x0000000020000ee0      0x138 C:/ST/STM32CubeIDE_1.14.0/STM32CubeIDE/plugins/com.st.stm32cube.ide.mcu.externaltools.gnu-tools-for-stm32.11.3.rel1.win32_1.1.100.202309141235/tools/bin/../lib/gcc/arm-none-eabi/11.3.1/../../../../arm-none-eabi/lib/thumb/v7e-m+fp/hard\libc_nano.a(libc_a-findfp.o)
                0x0000000020000ee0                __sf
 .bss.__stdio_exit_handler
                0x0000000020001018        0x4 C:/ST/STM32CubeIDE_1.14.0/STM32CubeIDE/plugins/com.st.stm32cube.ide.mcu.externaltools.gnu-tools-for-stm32.11.3.rel1.win32_1.1.100.202309141235/tools/bin/../lib/gcc/arm-none-eabi/11.3.1/../../../../arm-none-eabi/lib/thumb/v7e-m+fp/hard\libc_nano.a(libc_a-findfp.o)
                0x0000000020001018                __stdio_exit_handler
 .bss.errno     0x000000002000101c        0x4 C:/ST/STM32CubeIDE_1.14.0/STM32CubeIDE/plugins/com.st.stm32cube.ide.mcu.externaltools.gnu-tools-for-stm32.11.3.rel1.win32_1.1.100.202309141235/tools/bin/../lib/gcc/arm-none-eabi/11.3.1/../../../../arm-none-eabi/lib/thumb/v7e-m+fp/hard\libc_nano.a(libc_a-reent.o)
                0x000000002000101c                errno
 .bss.__lock___malloc_recursive_mutex
                0x0000000020001020        0x1 C:/ST/STM32CubeIDE_1.14.0/STM32CubeIDE/plugins/com.st.stm32cube.ide.mcu.externaltools.gnu-tools-for-stm32.11.3.rel1.win32_1.1.100.202309141235/tools/bin/../lib/gcc/arm-none-eabi/11.3.1/../../../../arm-none-eabi/lib/thumb/v7e-m+fp/hard\libc_nano.a(libc_a-lock.o)
                0x0000000020001020                __lock___malloc_recursive_mutex
 .bss.__lock___sfp_recursive_mutex
                0x0000000020001021        0x1 C:/ST/STM32CubeIDE_1.14.0/STM32CubeIDE/plugins/com.st.stm32cube.ide.mcu.externaltools.gnu-tools-for-stm32.11.3.rel1.win32_1.1.100.202309141235/tools/bin/../lib/gcc/arm-none-eabi/11.3.1/../../../../arm-none-eabi/lib/thumb/v7e-m+fp/hard\libc_nano.a(libc_a-lock.o)
                0x0000000020001021                __lock___sfp_recursive_mutex
 *fill*         0x0000000020001022        0x2 
 .bss.__malloc_free_list
                0x0000000020001024        0x4 C:/ST/STM32CubeIDE_1.14.0/STM32CubeIDE/plugins/com.st.stm32cube.ide.mcu.externaltools.gnu-tools-for-stm32.11.3.rel1.win32_1.1.100.202309141235/tools/bin/../lib/gcc/arm-none-eabi/11.3.1/../../../../arm-none-eabi/lib/thumb/v7e-m+fp/hard\libc_nano.a(libc_a-mallocr.o)
                0x0000000020001024                __malloc_free_list
 .bss.__malloc_sbrk_start
                0x0000000020001028        0x4 C:/ST/STM32CubeIDE_1.14.0/STM32CubeIDE/plugins/com.st.stm32cube.ide.mcu.externaltools.gnu-tools-for-stm32.11.3.rel1.win32_1.1.100.202309141235/tools/bin/../lib/gcc/arm-none-eabi/11.3.1/../../../../arm-none-eabi/lib/thumb/v7e-m+fp/hard\libc_nano.a(libc_a-mallocr.o)
                0x0000000020001028                __malloc_sbrk_start
 *(COMMON)
                0x000000002000102c                . = ALIGN (0x4)
                0x000000002000102c                _ebss = .
                0x000000002000102c                __bss_end__ = _ebss

._user_heap_stack
                0x000000002000102c      0x604 load address 0x0000000008007730
                0x0000000020001030                . = ALIGN (0x8)
 *fill*         0x000000002000102c        0x4 
                [!provide]                        PROVIDE (end = .)
                0x0000000020001030                PROVIDE (_end = .)
                0x0000000020001230                . = (. + _Min_Heap_Size)
 *fill*         0x0000000020001030      0x200 
                0x0000000020001630                . = (. + _Min_Stack_Size)
 *fill*         0x0000000020001230      0x400 
                0x0000000020001630                . = ALIGN (0x8)

/DISCARD/
 libc.a(*)
 libm.a(*)
 libgcc.a(*)

.ARM.attributes
                0x0000000000000000       0x30
 *(.ARM.attributes)
 .ARM.attributes
                0x0000000000000000       0x1e C:/ST/STM32CubeIDE_1.14.0/STM32CubeIDE/plugins/com.st.stm32cube.ide.mcu.externaltools.gnu-tools-for-stm32.11.3.rel1.win32_1.1.100.202309141235/tools/bin/../lib/gcc/arm-none-eabi/11.3.1/thumb/v7e-m+fp/hard/crti.o
 .ARM.attributes
                0x000000000000001e       0x34 C:/ST/STM32CubeIDE_1.14.0/STM32CubeIDE/plugins/com.st.stm32cube.ide.mcu.externaltools.gnu-tools-for-stm32.11.3.rel1.win32_1.1.100.202309141235/tools/bin/../lib/gcc/arm-none-eabi/11.3.1/thumb/v7e-m+fp/hard/crtbegin.o
 .ARM.attributes
                0x0000000000000052       0x34 ./Core/Src/main.o
 .ARM.attributes
                0x0000000000000086       0x34 ./Core/Src/stm32f4xx_hal_msp.o
 .ARM.attributes
                0x00000000000000ba       0x34 ./Core/Src/stm32f4xx_it.o
 .ARM.attributes
                0x00000000000000ee       0x34 ./Core/Src/syscalls.o
 .ARM.attributes
                0x0000000000000122       0x34 ./Core/Src/sysmem.o
 .ARM.attributes
                0x0000000000000156       0x34 ./Core/Src/system_stm32f4xx.o
 .ARM.attributes
                0x000000000000018a       0x21 ./Core/Startup/startup_stm32f412zgtx.o
 .ARM.attributes
                0x00000000000001ab       0x34 ./Drivers/STM32F4xx_HAL_Driver/Src/stm32f4xx_hal.o
 .ARM.attributes
                0x00000000000001df       0x34 ./Drivers/STM32F4xx_HAL_Driver/Src/stm32f4xx_hal_cortex.o
 .ARM.attributes
                0x0000000000000213       0x34 ./Drivers/STM32F4xx_HAL_Driver/Src/stm32f4xx_hal_dma.o
 .ARM.attributes
                0x0000000000000247       0x34 ./Drivers/STM32F4xx_HAL_Driver/Src/stm32f4xx_hal_gpio.o
 .ARM.attributes
                0x000000000000027b       0x34 ./Drivers/STM32F4xx_HAL_Driver/Src/stm32f4xx_hal_pcd.o
 .ARM.attributes
                0x00000000000002af       0x34 ./Drivers/STM32F4xx_HAL_Driver/Src/stm32f4xx_hal_pcd_ex.o
 .ARM.attributes
                0x00000000000002e3       0x34 ./Drivers/STM32F4xx_HAL_Driver/Src/stm32f4xx_hal_qspi.o
 .ARM.attributes
                0x0000000000000317       0x34 ./Drivers/STM32F4xx_HAL_Driver/Src/stm32f4xx_hal_rcc.o
 .ARM.attributes
                0x000000000000034b       0x34 ./Drivers/STM32F4xx_HAL_Driver/Src/stm32f4xx_hal_rcc_ex.o
 .ARM.attributes
                0x000000000000037f       0x34 ./Drivers/STM32F4xx_HAL_Driver/Src/stm32f4xx_hal_uart.o
 .ARM.attributes
                0x00000000000003b3       0x34 ./Drivers/STM32F4xx_HAL_Driver/Src/stm32f4xx_ll_usb.o
 .ARM.attributes
                0x00000000000003e7       0x34 ./libraries/ioLibrary_Driver/Application/loopback/loopback.o
 .ARM.attributes
                0x000000000000041b       0x34 ./libraries/ioLibrary_Driver/Ethernet/W6300/w6300.o
 .ARM.attributes
                0x000000000000044f       0x34 ./libraries/ioLibrary_Driver/Ethernet/socket.o
 .ARM.attributes
                0x0000000000000483       0x34 ./libraries/ioLibrary_Driver/Ethernet/wizchip_conf.o
 .ARM.attributes
                0x00000000000004b7       0x34 C:/ST/STM32CubeIDE_1.14.0/STM32CubeIDE/plugins/com.st.stm32cube.ide.mcu.externaltools.gnu-tools-for-stm32.11.3.rel1.win32_1.1.100.202309141235/tools/bin/../lib/gcc/arm-none-eabi/11.3.1/../../../../arm-none-eabi/lib/thumb/v7e-m+fp/hard\libc_nano.a(libc_a-findfp.o)
 .ARM.attributes
                0x00000000000004eb       0x34 C:/ST/STM32CubeIDE_1.14.0/STM32CubeIDE/plugins/com.st.stm32cube.ide.mcu.externaltools.gnu-tools-for-stm32.11.3.rel1.win32_1.1.100.202309141235/tools/bin/../lib/gcc/arm-none-eabi/11.3.1/../../../../arm-none-eabi/lib/thumb/v7e-m+fp/hard\libc_nano.a(libc_a-fwalk.o)
 .ARM.attributes
                0x000000000000051f       0x34 C:/ST/STM32CubeIDE_1.14.0/STM32CubeIDE/plugins/com.st.stm32cube.ide.mcu.externaltools.gnu-tools-for-stm32.11.3.rel1.win32_1.1.100.202309141235/tools/bin/../lib/gcc/arm-none-eabi/11.3.1/../../../../arm-none-eabi/lib/thumb/v7e-m+fp/hard\libc_nano.a(libc_a-printf.o)
 .ARM.attributes
                0x0000000000000553       0x34 C:/ST/STM32CubeIDE_1.14.0/STM32CubeIDE/plugins/com.st.stm32cube.ide.mcu.externaltools.gnu-tools-for-stm32.11.3.rel1.win32_1.1.100.202309141235/tools/bin/../lib/gcc/arm-none-eabi/11.3.1/../../../../arm-none-eabi/lib/thumb/v7e-m+fp/hard\libc_nano.a(libc_a-puts.o)
 .ARM.attributes
                0x0000000000000587       0x34 C:/ST/STM32CubeIDE_1.14.0/STM32CubeIDE/plugins/com.st.stm32cube.ide.mcu.externaltools.gnu-tools-for-stm32.11.3.rel1.win32_1.1.100.202309141235/tools/bin/../lib/gcc/arm-none-eabi/11.3.1/../../../../arm-none-eabi/lib/thumb/v7e-m+fp/hard\libc_nano.a(libc_a-stdio.o)
 .ARM.attributes
                0x00000000000005bb       0x34 C:/ST/STM32CubeIDE_1.14.0/STM32CubeIDE/plugins/com.st.stm32cube.ide.mcu.externaltools.gnu-tools-for-stm32.11.3.rel1.win32_1.1.100.202309141235/tools/bin/../lib/gcc/arm-none-eabi/11.3.1/../../../../arm-none-eabi/lib/thumb/v7e-m+fp/hard\libc_nano.a(libc_a-wbuf.o)
 .ARM.attributes
                0x00000000000005ef       0x34 C:/ST/STM32CubeIDE_1.14.0/STM32CubeIDE/plugins/com.st.stm32cube.ide.mcu.externaltools.gnu-tools-for-stm32.11.3.rel1.win32_1.1.100.202309141235/tools/bin/../lib/gcc/arm-none-eabi/11.3.1/../../../../arm-none-eabi/lib/thumb/v7e-m+fp/hard\libc_nano.a(libc_a-wsetup.o)
 .ARM.attributes
                0x0000000000000623       0x34 C:/ST/STM32CubeIDE_1.14.0/STM32CubeIDE/plugins/com.st.stm32cube.ide.mcu.externaltools.gnu-tools-for-stm32.11.3.rel1.win32_1.1.100.202309141235/tools/bin/../lib/gcc/arm-none-eabi/11.3.1/../../../../arm-none-eabi/lib/thumb/v7e-m+fp/hard\libc_nano.a(libc_a-memset.o)
 .ARM.attributes
                0x0000000000000657       0x34 C:/ST/STM32CubeIDE_1.14.0/STM32CubeIDE/plugins/com.st.stm32cube.ide.mcu.externaltools.gnu-tools-for-stm32.11.3.rel1.win32_1.1.100.202309141235/tools/bin/../lib/gcc/arm-none-eabi/11.3.1/../../../../arm-none-eabi/lib/thumb/v7e-m+fp/hard\libc_nano.a(libc_a-closer.o)
 .ARM.attributes
                0x000000000000068b       0x34 C:/ST/STM32CubeIDE_1.14.0/STM32CubeIDE/plugins/com.st.stm32cube.ide.mcu.externaltools.gnu-tools-for-stm32.11.3.rel1.win32_1.1.100.202309141235/tools/bin/../lib/gcc/arm-none-eabi/11.3.1/../../../../arm-none-eabi/lib/thumb/v7e-m+fp/hard\libc_nano.a(libc_a-reent.o)
 .ARM.attributes
                0x00000000000006bf       0x34 C:/ST/STM32CubeIDE_1.14.0/STM32CubeIDE/plugins/com.st.stm32cube.ide.mcu.externaltools.gnu-tools-for-stm32.11.3.rel1.win32_1.1.100.202309141235/tools/bin/../lib/gcc/arm-none-eabi/11.3.1/../../../../arm-none-eabi/lib/thumb/v7e-m+fp/hard\libc_nano.a(libc_a-impure.o)
 .ARM.attributes
                0x00000000000006f3       0x34 C:/ST/STM32CubeIDE_1.14.0/STM32CubeIDE/plugins/com.st.stm32cube.ide.mcu.externaltools.gnu-tools-for-stm32.11.3.rel1.win32_1.1.100.202309141235/tools/bin/../lib/gcc/arm-none-eabi/11.3.1/../../../../arm-none-eabi/lib/thumb/v7e-m+fp/hard\libc_nano.a(libc_a-lseekr.o)
 .ARM.attributes
                0x0000000000000727       0x34 C:/ST/STM32CubeIDE_1.14.0/STM32CubeIDE/plugins/com.st.stm32cube.ide.mcu.externaltools.gnu-tools-for-stm32.11.3.rel1.win32_1.1.100.202309141235/tools/bin/../lib/gcc/arm-none-eabi/11.3.1/../../../../arm-none-eabi/lib/thumb/v7e-m+fp/hard\libc_nano.a(libc_a-readr.o)
 .ARM.attributes
                0x000000000000075b       0x34 C:/ST/STM32CubeIDE_1.14.0/STM32CubeIDE/plugins/com.st.stm32cube.ide.mcu.externaltools.gnu-tools-for-stm32.11.3.rel1.win32_1.1.100.202309141235/tools/bin/../lib/gcc/arm-none-eabi/11.3.1/../../../../arm-none-eabi/lib/thumb/v7e-m+fp/hard\libc_nano.a(libc_a-writer.o)
 .ARM.attributes
                0x000000000000078f       0x34 C:/ST/STM32CubeIDE_1.14.0/STM32CubeIDE/plugins/com.st.stm32cube.ide.mcu.externaltools.gnu-tools-for-stm32.11.3.rel1.win32_1.1.100.202309141235/tools/bin/../lib/gcc/arm-none-eabi/11.3.1/../../../../arm-none-eabi/lib/thumb/v7e-m+fp/hard\libc_nano.a(libc_a-errno.o)
 .ARM.attributes
                0x00000000000007c3       0x34 C:/ST/STM32CubeIDE_1.14.0/STM32CubeIDE/plugins/com.st.stm32cube.ide.mcu.externaltools.gnu-tools-for-stm32.11.3.rel1.win32_1.1.100.202309141235/tools/bin/../lib/gcc/arm-none-eabi/11.3.1/../../../../arm-none-eabi/lib/thumb/v7e-m+fp/hard\libc_nano.a(libc_a-init.o)
 .ARM.attributes
                0x00000000000007f7       0x34 C:/ST/STM32CubeIDE_1.14.0/STM32CubeIDE/plugins/com.st.stm32cube.ide.mcu.externaltools.gnu-tools-for-stm32.11.3.rel1.win32_1.1.100.202309141235/tools/bin/../lib/gcc/arm-none-eabi/11.3.1/../../../../arm-none-eabi/lib/thumb/v7e-m+fp/hard\libc_nano.a(libc_a-lock.o)
 .ARM.attributes
                0x000000000000082b       0x34 C:/ST/STM32CubeIDE_1.14.0/STM32CubeIDE/plugins/com.st.stm32cube.ide.mcu.externaltools.gnu-tools-for-stm32.11.3.rel1.win32_1.1.100.202309141235/tools/bin/../lib/gcc/arm-none-eabi/11.3.1/../../../../arm-none-eabi/lib/thumb/v7e-m+fp/hard\libc_nano.a(libc_a-memcpy-stub.o)
 .ARM.attributes
                0x000000000000085f       0x34 C:/ST/STM32CubeIDE_1.14.0/STM32CubeIDE/plugins/com.st.stm32cube.ide.mcu.externaltools.gnu-tools-for-stm32.11.3.rel1.win32_1.1.100.202309141235/tools/bin/../lib/gcc/arm-none-eabi/11.3.1/../../../../arm-none-eabi/lib/thumb/v7e-m+fp/hard\libc_nano.a(libc_a-freer.o)
 .ARM.attributes
                0x0000000000000893       0x34 C:/ST/STM32CubeIDE_1.14.0/STM32CubeIDE/plugins/com.st.stm32cube.ide.mcu.externaltools.gnu-tools-for-stm32.11.3.rel1.win32_1.1.100.202309141235/tools/bin/../lib/gcc/arm-none-eabi/11.3.1/../../../../arm-none-eabi/lib/thumb/v7e-m+fp/hard\libc_nano.a(libc_a-mallocr.o)
 .ARM.attributes
                0x00000000000008c7       0x34 C:/ST/STM32CubeIDE_1.14.0/STM32CubeIDE/plugins/com.st.stm32cube.ide.mcu.externaltools.gnu-tools-for-stm32.11.3.rel1.win32_1.1.100.202309141235/tools/bin/../lib/gcc/arm-none-eabi/11.3.1/../../../../arm-none-eabi/lib/thumb/v7e-m+fp/hard\libc_nano.a(libc_a-mlock.o)
 .ARM.attributes
                0x00000000000008fb       0x34 C:/ST/STM32CubeIDE_1.14.0/STM32CubeIDE/plugins/com.st.stm32cube.ide.mcu.externaltools.gnu-tools-for-stm32.11.3.rel1.win32_1.1.100.202309141235/tools/bin/../lib/gcc/arm-none-eabi/11.3.1/../../../../arm-none-eabi/lib/thumb/v7e-m+fp/hard\libc_nano.a(libc_a-nano-vfprintf.o)
 .ARM.attributes
                0x000000000000092f       0x34 C:/ST/STM32CubeIDE_1.14.0/STM32CubeIDE/plugins/com.st.stm32cube.ide.mcu.externaltools.gnu-tools-for-stm32.11.3.rel1.win32_1.1.100.202309141235/tools/bin/../lib/gcc/arm-none-eabi/11.3.1/../../../../arm-none-eabi/lib/thumb/v7e-m+fp/hard\libc_nano.a(libc_a-nano-vfprintf_i.o)
 .ARM.attributes
                0x0000000000000963       0x34 C:/ST/STM32CubeIDE_1.14.0/STM32CubeIDE/plugins/com.st.stm32cube.ide.mcu.externaltools.gnu-tools-for-stm32.11.3.rel1.win32_1.1.100.202309141235/tools/bin/../lib/gcc/arm-none-eabi/11.3.1/../../../../arm-none-eabi/lib/thumb/v7e-m+fp/hard\libc_nano.a(libc_a-fflush.o)
 .ARM.attributes
                0x0000000000000997       0x34 C:/ST/STM32CubeIDE_1.14.0/STM32CubeIDE/plugins/com.st.stm32cube.ide.mcu.externaltools.gnu-tools-for-stm32.11.3.rel1.win32_1.1.100.202309141235/tools/bin/../lib/gcc/arm-none-eabi/11.3.1/../../../../arm-none-eabi/lib/thumb/v7e-m+fp/hard\libc_nano.a(libc_a-makebuf.o)
 .ARM.attributes
                0x00000000000009cb       0x34 C:/ST/STM32CubeIDE_1.14.0/STM32CubeIDE/plugins/com.st.stm32cube.ide.mcu.externaltools.gnu-tools-for-stm32.11.3.rel1.win32_1.1.100.202309141235/tools/bin/../lib/gcc/arm-none-eabi/11.3.1/../../../../arm-none-eabi/lib/thumb/v7e-m+fp/hard\libc_nano.a(libc_a-fstatr.o)
 .ARM.attributes
                0x00000000000009ff       0x34 C:/ST/STM32CubeIDE_1.14.0/STM32CubeIDE/plugins/com.st.stm32cube.ide.mcu.externaltools.gnu-tools-for-stm32.11.3.rel1.win32_1.1.100.202309141235/tools/bin/../lib/gcc/arm-none-eabi/11.3.1/../../../../arm-none-eabi/lib/thumb/v7e-m+fp/hard\libc_nano.a(libc_a-isattyr.o)
 .ARM.attributes
                0x0000000000000a33       0x34 C:/ST/STM32CubeIDE_1.14.0/STM32CubeIDE/plugins/com.st.stm32cube.ide.mcu.externaltools.gnu-tools-for-stm32.11.3.rel1.win32_1.1.100.202309141235/tools/bin/../lib/gcc/arm-none-eabi/11.3.1/../../../../arm-none-eabi/lib/thumb/v7e-m+fp/hard\libc_nano.a(libc_a-sbrkr.o)
 .ARM.attributes
                0x0000000000000a67       0x1c C:/ST/STM32CubeIDE_1.14.0/STM32CubeIDE/plugins/com.st.stm32cube.ide.mcu.externaltools.gnu-tools-for-stm32.11.3.rel1.win32_1.1.100.202309141235/tools/bin/../lib/gcc/arm-none-eabi/11.3.1/../../../../arm-none-eabi/lib/thumb/v7e-m+fp/hard\libc_nano.a(libc_a-memchr.o)
 .ARM.attributes
                0x0000000000000a83       0x1e C:/ST/STM32CubeIDE_1.14.0/STM32CubeIDE/plugins/com.st.stm32cube.ide.mcu.externaltools.gnu-tools-for-stm32.11.3.rel1.win32_1.1.100.202309141235/tools/bin/../lib/gcc/arm-none-eabi/11.3.1/thumb/v7e-m+fp/hard\libgcc.a(_aeabi_uldivmod.o)
 .ARM.attributes
                0x0000000000000aa1       0x34 C:/ST/STM32CubeIDE_1.14.0/STM32CubeIDE/plugins/com.st.stm32cube.ide.mcu.externaltools.gnu-tools-for-stm32.11.3.rel1.win32_1.1.100.202309141235/tools/bin/../lib/gcc/arm-none-eabi/11.3.1/thumb/v7e-m+fp/hard\libgcc.a(_udivmoddi4.o)
 .ARM.attributes
                0x0000000000000ad5       0x1e C:/ST/STM32CubeIDE_1.14.0/STM32CubeIDE/plugins/com.st.stm32cube.ide.mcu.externaltools.gnu-tools-for-stm32.11.3.rel1.win32_1.1.100.202309141235/tools/bin/../lib/gcc/arm-none-eabi/11.3.1/thumb/v7e-m+fp/hard\libgcc.a(_dvmd_tls.o)
 .ARM.attributes
                0x0000000000000af3       0x1e C:/ST/STM32CubeIDE_1.14.0/STM32CubeIDE/plugins/com.st.stm32cube.ide.mcu.externaltools.gnu-tools-for-stm32.11.3.rel1.win32_1.1.100.202309141235/tools/bin/../lib/gcc/arm-none-eabi/11.3.1/thumb/v7e-m+fp/hard/crtn.o
OUTPUT(STM32F412ZGT6_W6300_Loopback.elf elf32-littlearm)
LOAD linker stubs
LOAD C:/ST/STM32CubeIDE_1.14.0/STM32CubeIDE/plugins/com.st.stm32cube.ide.mcu.externaltools.gnu-tools-for-stm32.11.3.rel1.win32_1.1.100.202309141235/tools/bin/../lib/gcc/arm-none-eabi/11.3.1/../../../../arm-none-eabi/lib/thumb/v7e-m+fp/hard\libc.a
LOAD C:/ST/STM32CubeIDE_1.14.0/STM32CubeIDE/plugins/com.st.stm32cube.ide.mcu.externaltools.gnu-tools-for-stm32.11.3.rel1.win32_1.1.100.202309141235/tools/bin/../lib/gcc/arm-none-eabi/11.3.1/../../../../arm-none-eabi/lib/thumb/v7e-m+fp/hard\libm.a
LOAD C:/ST/STM32CubeIDE_1.14.0/STM32CubeIDE/plugins/com.st.stm32cube.ide.mcu.externaltools.gnu-tools-for-stm32.11.3.rel1.win32_1.1.100.202309141235/tools/bin/../lib/gcc/arm-none-eabi/11.3.1/thumb/v7e-m+fp/hard\libgcc.a

.comment        0x0000000000000000       0x43
 .comment       0x0000000000000000       0x43 C:/ST/STM32CubeIDE_1.14.0/STM32CubeIDE/plugins/com.st.stm32cube.ide.mcu.externaltools.gnu-tools-for-stm32.11.3.rel1.win32_1.1.100.202309141235/tools/bin/../lib/gcc/arm-none-eabi/11.3.1/thumb/v7e-m+fp/hard/crtbegin.o
                                         0x44 (size before relaxing)
 .comment       0x0000000000000043       0x44 ./Core/Src/main.o
 .comment       0x0000000000000043       0x44 ./Core/Src/stm32f4xx_hal_msp.o
 .comment       0x0000000000000043       0x44 ./Core/Src/stm32f4xx_it.o
 .comment       0x0000000000000043       0x44 ./Core/Src/syscalls.o
 .comment       0x0000000000000043       0x44 ./Core/Src/sysmem.o
 .comment       0x0000000000000043       0x44 ./Core/Src/system_stm32f4xx.o
 .comment       0x0000000000000043       0x44 ./Drivers/STM32F4xx_HAL_Driver/Src/stm32f4xx_hal.o
 .comment       0x0000000000000043       0x44 ./Drivers/STM32F4xx_HAL_Driver/Src/stm32f4xx_hal_cortex.o
 .comment       0x0000000000000043       0x44 ./Drivers/STM32F4xx_HAL_Driver/Src/stm32f4xx_hal_dma.o
 .comment       0x0000000000000043       0x44 ./Drivers/STM32F4xx_HAL_Driver/Src/stm32f4xx_hal_gpio.o
 .comment       0x0000000000000043       0x44 ./Drivers/STM32F4xx_HAL_Driver/Src/stm32f4xx_hal_pcd.o
 .comment       0x0000000000000043       0x44 ./Drivers/STM32F4xx_HAL_Driver/Src/stm32f4xx_hal_pcd_ex.o
 .comment       0x0000000000000043       0x44 ./Drivers/STM32F4xx_HAL_Driver/Src/stm32f4xx_hal_qspi.o
 .comment       0x0000000000000043       0x44 ./Drivers/STM32F4xx_HAL_Driver/Src/stm32f4xx_hal_rcc.o
 .comment       0x0000000000000043       0x44 ./Drivers/STM32F4xx_HAL_Driver/Src/stm32f4xx_hal_rcc_ex.o
 .comment       0x0000000000000043       0x44 ./Drivers/STM32F4xx_HAL_Driver/Src/stm32f4xx_hal_uart.o
 .comment       0x0000000000000043       0x44 ./Drivers/STM32F4xx_HAL_Driver/Src/stm32f4xx_ll_usb.o
 .comment       0x0000000000000043       0x44 ./libraries/ioLibrary_Driver/Application/loopback/loopback.o
 .comment       0x0000000000000043       0x44 ./libraries/ioLibrary_Driver/Ethernet/W6300/w6300.o
 .comment       0x0000000000000043       0x44 ./libraries/ioLibrary_Driver/Ethernet/socket.o
 .comment       0x0000000000000043       0x44 ./libraries/ioLibrary_Driver/Ethernet/wizchip_conf.o

.debug_info     0x0000000000000000    0x11d1b
 .debug_info    0x0000000000000000     0x1bd4 ./Core/Src/main.o
 .debug_info    0x0000000000001bd4     0x1343 ./Core/Src/stm32f4xx_hal_msp.o
 .debug_info    0x0000000000002f17      0x112 ./Core/Src/stm32f4xx_it.o
 .debug_info    0x0000000000003029      0x6a3 ./Core/Src/syscalls.o
 .debug_info    0x00000000000036cc      0x168 ./Core/Src/sysmem.o
 .debug_info    0x0000000000003834      0x54a ./Core/Src/system_stm32f4xx.o
 .debug_info    0x0000000000003d7e       0x23 ./Core/Startup/startup_stm32f412zgtx.o
 .debug_info    0x0000000000003da1      0x96a ./Drivers/STM32F4xx_HAL_Driver/Src/stm32f4xx_hal.o
 .debug_info    0x000000000000470b      0xd7a ./Drivers/STM32F4xx_HAL_Driver/Src/stm32f4xx_hal_cortex.o
 .debug_info    0x0000000000005485      0x8e7 ./Drivers/STM32F4xx_HAL_Driver/Src/stm32f4xx_hal_dma.o
 .debug_info    0x0000000000005d6c      0x70b ./Drivers/STM32F4xx_HAL_Driver/Src/stm32f4xx_hal_gpio.o
 .debug_info    0x0000000000006477     0x15e3 ./Drivers/STM32F4xx_HAL_Driver/Src/stm32f4xx_hal_pcd.o
 .debug_info    0x0000000000007a5a      0x883 ./Drivers/STM32F4xx_HAL_Driver/Src/stm32f4xx_hal_pcd_ex.o
 .debug_info    0x00000000000082dd     0x126c ./Drivers/STM32F4xx_HAL_Driver/Src/stm32f4xx_hal_qspi.o
 .debug_info    0x0000000000009549      0x8ff ./Drivers/STM32F4xx_HAL_Driver/Src/stm32f4xx_hal_rcc.o
 .debug_info    0x0000000000009e48      0x7c4 ./Drivers/STM32F4xx_HAL_Driver/Src/stm32f4xx_hal_rcc_ex.o
 .debug_info    0x000000000000a60c     0x2f4f ./Drivers/STM32F4xx_HAL_Driver/Src/stm32f4xx_hal_uart.o
 .debug_info    0x000000000000d55b     0x19f1 ./Drivers/STM32F4xx_HAL_Driver/Src/stm32f4xx_ll_usb.o
 .debug_info    0x000000000000ef4c      0x7ee ./libraries/ioLibrary_Driver/Application/loopback/loopback.o
 .debug_info    0x000000000000f73a      0x628 ./libraries/ioLibrary_Driver/Ethernet/W6300/w6300.o
 .debug_info    0x000000000000fd62      0xbb7 ./libraries/ioLibrary_Driver/Ethernet/socket.o
 .debug_info    0x0000000000010919     0x1402 ./libraries/ioLibrary_Driver/Ethernet/wizchip_conf.o

.debug_abbrev   0x0000000000000000     0x2ea4
 .debug_abbrev  0x0000000000000000      0x40a ./Core/Src/main.o
 .debug_abbrev  0x000000000000040a      0x256 ./Core/Src/stm32f4xx_hal_msp.o
 .debug_abbrev  0x0000000000000660       0x73 ./Core/Src/stm32f4xx_it.o
 .debug_abbrev  0x00000000000006d3      0x1b6 ./Core/Src/syscalls.o
 .debug_abbrev  0x0000000000000889       0xbc ./Core/Src/sysmem.o
 .debug_abbrev  0x0000000000000945      0x11a ./Core/Src/system_stm32f4xx.o
 .debug_abbrev  0x0000000000000a5f       0x12 ./Core/Startup/startup_stm32f412zgtx.o
 .debug_abbrev  0x0000000000000a71      0x214 ./Drivers/STM32F4xx_HAL_Driver/Src/stm32f4xx_hal.o
 .debug_abbrev  0x0000000000000c85      0x31d ./Drivers/STM32F4xx_HAL_Driver/Src/stm32f4xx_hal_cortex.o
 .debug_abbrev  0x0000000000000fa2      0x264 ./Drivers/STM32F4xx_HAL_Driver/Src/stm32f4xx_hal_dma.o
 .debug_abbrev  0x0000000000001206      0x1d4 ./Drivers/STM32F4xx_HAL_Driver/Src/stm32f4xx_hal_gpio.o
 .debug_abbrev  0x00000000000013da      0x2d0 ./Drivers/STM32F4xx_HAL_Driver/Src/stm32f4xx_hal_pcd.o
 .debug_abbrev  0x00000000000016aa      0x25a ./Drivers/STM32F4xx_HAL_Driver/Src/stm32f4xx_hal_pcd_ex.o
 .debug_abbrev  0x0000000000001904      0x27d ./Drivers/STM32F4xx_HAL_Driver/Src/stm32f4xx_hal_qspi.o
 .debug_abbrev  0x0000000000001b81      0x2b7 ./Drivers/STM32F4xx_HAL_Driver/Src/stm32f4xx_hal_rcc.o
 .debug_abbrev  0x0000000000001e38      0x1ec ./Drivers/STM32F4xx_HAL_Driver/Src/stm32f4xx_hal_rcc_ex.o
 .debug_abbrev  0x0000000000002024      0x30e ./Drivers/STM32F4xx_HAL_Driver/Src/stm32f4xx_hal_uart.o
 .debug_abbrev  0x0000000000002332      0x2b3 ./Drivers/STM32F4xx_HAL_Driver/Src/stm32f4xx_ll_usb.o
 .debug_abbrev  0x00000000000025e5      0x1d5 ./libraries/ioLibrary_Driver/Application/loopback/loopback.o
 .debug_abbrev  0x00000000000027ba      0x1da ./libraries/ioLibrary_Driver/Ethernet/W6300/w6300.o
 .debug_abbrev  0x0000000000002994      0x204 ./libraries/ioLibrary_Driver/Ethernet/socket.o
 .debug_abbrev  0x0000000000002b98      0x30c ./libraries/ioLibrary_Driver/Ethernet/wizchip_conf.o

.debug_aranges  0x0000000000000000     0x1010
 .debug_aranges
                0x0000000000000000       0xa0 ./Core/Src/main.o
 .debug_aranges
                0x00000000000000a0       0x50 ./Core/Src/stm32f4xx_hal_msp.o
 .debug_aranges
                0x00000000000000f0       0x60 ./Core/Src/stm32f4xx_it.o
 .debug_aranges
                0x0000000000000150       0xa8 ./Core/Src/syscalls.o
 .debug_aranges
                0x00000000000001f8       0x20 ./Core/Src/sysmem.o
 .debug_aranges
                0x0000000000000218       0x28 ./Core/Src/system_stm32f4xx.o
 .debug_aranges
                0x0000000000000240       0x28 ./Core/Startup/startup_stm32f412zgtx.o
 .debug_aranges
                0x0000000000000268       0xf0 ./Drivers/STM32F4xx_HAL_Driver/Src/stm32f4xx_hal.o
 .debug_aranges
                0x0000000000000358      0x130 ./Drivers/STM32F4xx_HAL_Driver/Src/stm32f4xx_hal_cortex.o
 .debug_aranges
                0x0000000000000488       0x90 ./Drivers/STM32F4xx_HAL_Driver/Src/stm32f4xx_hal_dma.o
 .debug_aranges
                0x0000000000000518       0x58 ./Drivers/STM32F4xx_HAL_Driver/Src/stm32f4xx_hal_gpio.o
 .debug_aranges
                0x0000000000000570      0x148 ./Drivers/STM32F4xx_HAL_Driver/Src/stm32f4xx_hal_pcd.o
 .debug_aranges
                0x00000000000006b8       0x60 ./Drivers/STM32F4xx_HAL_Driver/Src/stm32f4xx_hal_pcd_ex.o
 .debug_aranges
                0x0000000000000718      0x170 ./Drivers/STM32F4xx_HAL_Driver/Src/stm32f4xx_hal_qspi.o
 .debug_aranges
                0x0000000000000888       0x88 ./Drivers/STM32F4xx_HAL_Driver/Src/stm32f4xx_hal_rcc.o
 .debug_aranges
                0x0000000000000910       0x60 ./Drivers/STM32F4xx_HAL_Driver/Src/stm32f4xx_hal_rcc_ex.o
 .debug_aranges
                0x0000000000000970      0x208 ./Drivers/STM32F4xx_HAL_Driver/Src/stm32f4xx_hal_uart.o
 .debug_aranges
                0x0000000000000b78      0x1a0 ./Drivers/STM32F4xx_HAL_Driver/Src/stm32f4xx_ll_usb.o
 .debug_aranges
                0x0000000000000d18       0x48 ./libraries/ioLibrary_Driver/Application/loopback/loopback.o
 .debug_aranges
                0x0000000000000d60       0x68 ./libraries/ioLibrary_Driver/Ethernet/W6300/w6300.o
 .debug_aranges
                0x0000000000000dc8       0xb0 ./libraries/ioLibrary_Driver/Ethernet/socket.o
 .debug_aranges
                0x0000000000000e78      0x198 ./libraries/ioLibrary_Driver/Ethernet/wizchip_conf.o

.debug_rnglists
                0x0000000000000000      0xc4e
 .debug_rnglists
                0x0000000000000000       0x7a ./Core/Src/main.o
 .debug_rnglists
                0x000000000000007a       0x3a ./Core/Src/stm32f4xx_hal_msp.o
 .debug_rnglists
                0x00000000000000b4       0x43 ./Core/Src/stm32f4xx_it.o
 .debug_rnglists
                0x00000000000000f7       0x79 ./Core/Src/syscalls.o
 .debug_rnglists
                0x0000000000000170       0x13 ./Core/Src/sysmem.o
 .debug_rnglists
                0x0000000000000183       0x1a ./Core/Src/system_stm32f4xx.o
 .debug_rnglists
                0x000000000000019d       0x19 ./Core/Startup/startup_stm32f412zgtx.o
 .debug_rnglists